
  .   ____          _            __ _ _
 /\\ / ___'_ __ _ _(_)_ __  __ _ \ \ \ \
( ( )\___ | '_ | '_| | '_ \/ _` | \ \ \ \
 \\/  ___)| |_)| | | | | || (_| |  ) ) ) )
  '  |____| .__|_| |_|_| |_\__, | / / / /
 =========|_|==============|___/=/_/_/_/
 :: Spring Boot ::                (v3.1.4)

2026-07-09T10:57:11.854+02:00  INFO 12904 --- [           main] com.sgv.SgvWebApplication                : Starting SgvWebApplication v0.1.0 using Java 21.0.8 with PID 12904 (C:\xampp\htdocs\SGV\java-sgv\target\java-sgv-0.1.0.jar started by DELL in C:\xampp\htdocs\SGV\java-sgv)
2026-07-09T10:57:11.857+02:00  INFO 12904 --- [           main] com.sgv.SgvWebApplication                : The following 1 profile is active: "dev"
2026-07-09T10:57:15.195+02:00  INFO 12904 --- [           main] .s.d.r.c.RepositoryConfigurationDelegate : Multiple Spring Data modules found, entering strict repository configuration mode
2026-07-09T10:57:15.198+02:00  INFO 12904 --- [           main] .s.d.r.c.RepositoryConfigurationDelegate : Bootstrapping Spring Data JPA repositories in DEFAULT mode.
2026-07-09T10:57:15.555+02:00  INFO 12904 --- [           main] .s.d.r.c.RepositoryConfigurationDelegate : Finished Spring Data repository scanning in 343 ms. Found 23 JPA repository interfaces.
2026-07-09T10:57:15.588+02:00  INFO 12904 --- [           main] .s.d.r.c.RepositoryConfigurationDelegate : Multiple Spring Data modules found, entering strict repository configuration mode
2026-07-09T10:57:15.590+02:00  INFO 12904 --- [           main] .s.d.r.c.RepositoryConfigurationDelegate : Bootstrapping Spring Data Redis repositories in DEFAULT mode.
2026-07-09T10:57:15.639+02:00  INFO 12904 --- [           main] .RepositoryConfigurationExtensionSupport : Spring Data Redis - Could not safely identify store assignment for repository candidate interface com.sgv.repository.AuditLogRepository; If you want this repository to be a Redis repository, consider annotating your entities with one of these annotations: org.springframework.data.redis.core.RedisHash (preferred), or consider extending one of the following types with your repository: org.springframework.data.keyvalue.repository.KeyValueRepository
2026-07-09T10:57:15.640+02:00  INFO 12904 --- [           main] .RepositoryConfigurationExtensionSupport : Spring Data Redis - Could not safely identify store assignment for repository candidate interface com.sgv.repository.BranchRepository; If you want this repository to be a Redis repository, consider annotating your entities with one of these annotations: org.springframework.data.redis.core.RedisHash (preferred), or consider extending one of the following types with your repository: org.springframework.data.keyvalue.repository.KeyValueRepository
2026-07-09T10:57:15.641+02:00  INFO 12904 --- [           main] .RepositoryConfigurationExtensionSupport : Spring Data Redis - Could not safely identify store assignment for repository candidate interface com.sgv.repository.CashMovementRepository; If you want this repository to be a Redis repository, consider annotating your entities with one of these annotations: org.springframework.data.redis.core.RedisHash (preferred), or consider extending one of the following types with your repository: org.springframework.data.keyvalue.repository.KeyValueRepository
2026-07-09T10:57:15.641+02:00  INFO 12904 --- [           main] .RepositoryConfigurationExtensionSupport : Spring Data Redis - Could not safely identify store assignment for repository candidate interface com.sgv.repository.CashSessionRepository; If you want this repository to be a Redis repository, consider annotating your entities with one of these annotations: org.springframework.data.redis.core.RedisHash (preferred), or consider extending one of the following types with your repository: org.springframework.data.keyvalue.repository.KeyValueRepository
2026-07-09T10:57:15.642+02:00  INFO 12904 --- [           main] .RepositoryConfigurationExtensionSupport : Spring Data Redis - Could not safely identify store assignment for repository candidate interface com.sgv.repository.CategoryRepository; If you want this repository to be a Redis repository, consider annotating your entities with one of these annotations: org.springframework.data.redis.core.RedisHash (preferred), or consider extending one of the following types with your repository: org.springframework.data.keyvalue.repository.KeyValueRepository
2026-07-09T10:57:15.643+02:00  INFO 12904 --- [           main] .RepositoryConfigurationExtensionSupport : Spring Data Redis - Could not safely identify store assignment for repository candidate interface com.sgv.repository.CustomerRepository; If you want this repository to be a Redis repository, consider annotating your entities with one of these annotations: org.springframework.data.redis.core.RedisHash (preferred), or consider extending one of the following types with your repository: org.springframework.data.keyvalue.repository.KeyValueRepository
2026-07-09T10:57:15.644+02:00  INFO 12904 --- [           main] .RepositoryConfigurationExtensionSupport : Spring Data Redis - Could not safely identify store assignment for repository candidate interface com.sgv.repository.ExpenseRepository; If you want this repository to be a Redis repository, consider annotating your entities with one of these annotations: org.springframework.data.redis.core.RedisHash (preferred), or consider extending one of the following types with your repository: org.springframework.data.keyvalue.repository.KeyValueRepository
2026-07-09T10:57:15.646+02:00  INFO 12904 --- [           main] .RepositoryConfigurationExtensionSupport : Spring Data Redis - Could not safely identify store assignment for repository candidate interface com.sgv.repository.FilterPresetRepository; If you want this repository to be a Redis repository, consider annotating your entities with one of these annotations: org.springframework.data.redis.core.RedisHash (preferred), or consider extending one of the following types with your repository: org.springframework.data.keyvalue.repository.KeyValueRepository
2026-07-09T10:57:15.646+02:00  INFO 12904 --- [           main] .RepositoryConfigurationExtensionSupport : Spring Data Redis - Could not safely identify store assignment for repository candidate interface com.sgv.repository.MetricUnitRepository; If you want this repository to be a Redis repository, consider annotating your entities with one of these annotations: org.springframework.data.redis.core.RedisHash (preferred), or consider extending one of the following types with your repository: org.springframework.data.keyvalue.repository.KeyValueRepository
2026-07-09T10:57:15.647+02:00  INFO 12904 --- [           main] .RepositoryConfigurationExtensionSupport : Spring Data Redis - Could not safely identify store assignment for repository candidate interface com.sgv.repository.PaymentRepository; If you want this repository to be a Redis repository, consider annotating your entities with one of these annotations: org.springframework.data.redis.core.RedisHash (preferred), or consider extending one of the following types with your repository: org.springframework.data.keyvalue.repository.KeyValueRepository
2026-07-09T10:57:15.647+02:00  INFO 12904 --- [           main] .RepositoryConfigurationExtensionSupport : Spring Data Redis - Could not safely identify store assignment for repository candidate interface com.sgv.repository.ProductionOrderRepository; If you want this repository to be a Redis repository, consider annotating your entities with one of these annotations: org.springframework.data.redis.core.RedisHash (preferred), or consider extending one of the following types with your repository: org.springframework.data.keyvalue.repository.KeyValueRepository
2026-07-09T10:57:15.648+02:00  INFO 12904 --- [           main] .RepositoryConfigurationExtensionSupport : Spring Data Redis - Could not safely identify store assignment for repository candidate interface com.sgv.repository.ProductRepository; If you want this repository to be a Redis repository, consider annotating your entities with one of these annotations: org.springframework.data.redis.core.RedisHash (preferred), or consider extending one of the following types with your repository: org.springframework.data.keyvalue.repository.KeyValueRepository
2026-07-09T10:57:15.648+02:00  INFO 12904 --- [           main] .RepositoryConfigurationExtensionSupport : Spring Data Redis - Could not safely identify store assignment for repository candidate interface com.sgv.repository.PurchaseItemRepository; If you want this repository to be a Redis repository, consider annotating your entities with one of these annotations: org.springframework.data.redis.core.RedisHash (preferred), or consider extending one of the following types with your repository: org.springframework.data.keyvalue.repository.KeyValueRepository
2026-07-09T10:57:15.648+02:00  INFO 12904 --- [           main] .RepositoryConfigurationExtensionSupport : Spring Data Redis - Could not safely identify store assignment for repository candidate interface com.sgv.repository.PurchaseRepository; If you want this repository to be a Redis repository, consider annotating your entities with one of these annotations: org.springframework.data.redis.core.RedisHash (preferred), or consider extending one of the following types with your repository: org.springframework.data.keyvalue.repository.KeyValueRepository
2026-07-09T10:57:15.650+02:00  INFO 12904 --- [           main] .RepositoryConfigurationExtensionSupport : Spring Data Redis - Could not safely identify store assignment for repository candidate interface com.sgv.repository.RoleRepository; If you want this repository to be a Redis repository, consider annotating your entities with one of these annotations: org.springframework.data.redis.core.RedisHash (preferred), or consider extending one of the following types with your repository: org.springframework.data.keyvalue.repository.KeyValueRepository
2026-07-09T10:57:15.650+02:00  INFO 12904 --- [           main] .RepositoryConfigurationExtensionSupport : Spring Data Redis - Could not safely identify store assignment for repository candidate interface com.sgv.repository.SaleItemRepository; If you want this repository to be a Redis repository, consider annotating your entities with one of these annotations: org.springframework.data.redis.core.RedisHash (preferred), or consider extending one of the following types with your repository: org.springframework.data.keyvalue.repository.KeyValueRepository
2026-07-09T10:57:15.653+02:00  INFO 12904 --- [           main] .RepositoryConfigurationExtensionSupport : Spring Data Redis - Could not safely identify store assignment for repository candidate interface com.sgv.repository.SaleRepository; If you want this repository to be a Redis repository, consider annotating your entities with one of these annotations: org.springframework.data.redis.core.RedisHash (preferred), or consider extending one of the following types with your repository: org.springframework.data.keyvalue.repository.KeyValueRepository
2026-07-09T10:57:15.654+02:00  INFO 12904 --- [           main] .RepositoryConfigurationExtensionSupport : Spring Data Redis - Could not safely identify store assignment for repository candidate interface com.sgv.repository.StockBranchRepository; If you want this repository to be a Redis repository, consider annotating your entities with one of these annotations: org.springframework.data.redis.core.RedisHash (preferred), or consider extending one of the following types with your repository: org.springframework.data.keyvalue.repository.KeyValueRepository
2026-07-09T10:57:15.655+02:00  INFO 12904 --- [           main] .RepositoryConfigurationExtensionSupport : Spring Data Redis - Could not safely identify store assignment for repository candidate interface com.sgv.repository.StockMovementRepository; If you want this repository to be a Redis repository, consider annotating your entities with one of these annotations: org.springframework.data.redis.core.RedisHash (preferred), or consider extending one of the following types with your repository: org.springframework.data.keyvalue.repository.KeyValueRepository
2026-07-09T10:57:15.656+02:00  INFO 12904 --- [           main] .RepositoryConfigurationExtensionSupport : Spring Data Redis - Could not safely identify store assignment for repository candidate interface com.sgv.repository.SupplierRepository; If you want this repository to be a Redis repository, consider annotating your entities with one of these annotations: org.springframework.data.redis.core.RedisHash (preferred), or consider extending one of the following types with your repository: org.springframework.data.keyvalue.repository.KeyValueRepository
2026-07-09T10:57:15.656+02:00  INFO 12904 --- [           main] .RepositoryConfigurationExtensionSupport : Spring Data Redis - Could not safely identify store assignment for repository candidate interface com.sgv.repository.TransferItemRepository; If you want this repository to be a Redis repository, consider annotating your entities with one of these annotations: org.springframework.data.redis.core.RedisHash (preferred), or consider extending one of the following types with your repository: org.springframework.data.keyvalue.repository.KeyValueRepository
2026-07-09T10:57:15.657+02:00  INFO 12904 --- [           main] .RepositoryConfigurationExtensionSupport : Spring Data Redis - Could not safely identify store assignment for repository candidate interface com.sgv.repository.TransferRepository; If you want this repository to be a Redis repository, consider annotating your entities with one of these annotations: org.springframework.data.redis.core.RedisHash (preferred), or consider extending one of the following types with your repository: org.springframework.data.keyvalue.repository.KeyValueRepository
2026-07-09T10:57:15.657+02:00  INFO 12904 --- [           main] .RepositoryConfigurationExtensionSupport : Spring Data Redis - Could not safely identify store assignment for repository candidate interface com.sgv.repository.UserRepository; If you want this repository to be a Redis repository, consider annotating your entities with one of these annotations: org.springframework.data.redis.core.RedisHash (preferred), or consider extending one of the following types with your repository: org.springframework.data.keyvalue.repository.KeyValueRepository
2026-07-09T10:57:15.658+02:00  INFO 12904 --- [           main] .s.d.r.c.RepositoryConfigurationDelegate : Finished Spring Data repository scanning in 49 ms. Found 0 Redis repository interfaces.
2026-07-09T10:57:16.447+02:00  INFO 12904 --- [           main] o.hibernate.jpa.internal.util.LogHelper  : HHH000204: Processing PersistenceUnitInfo [name: default]
2026-07-09T10:57:16.608+02:00  INFO 12904 --- [           main] org.hibernate.Version                    : HHH000412: Hibernate ORM core version 6.2.9.Final
2026-07-09T10:57:16.623+02:00  INFO 12904 --- [           main] org.hibernate.cfg.Environment            : HHH000406: Using bytecode reflection optimizer
2026-07-09T10:57:16.960+02:00  INFO 12904 --- [           main] o.h.b.i.BytecodeProviderInitiator        : HHH000021: Bytecode provider name : bytebuddy
2026-07-09T10:57:17.236+02:00  INFO 12904 --- [           main] o.s.o.j.p.SpringPersistenceUnitInfo      : No LoadTimeWeaver setup: ignoring JPA class transformer
2026-07-09T10:57:17.266+02:00  INFO 12904 --- [           main] com.zaxxer.hikari.HikariDataSource       : HikariPool-1 - Starting...
2026-07-09T10:57:17.465+02:00  INFO 12904 --- [           main] com.zaxxer.hikari.pool.HikariPool        : HikariPool-1 - Added connection org.mariadb.jdbc.Connection@3c49fab6
2026-07-09T10:57:17.469+02:00  INFO 12904 --- [           main] com.zaxxer.hikari.HikariDataSource       : HikariPool-1 - Start completed.
2026-07-09T10:57:18.105+02:00  INFO 12904 --- [           main] o.h.b.i.BytecodeProviderInitiator        : HHH000021: Bytecode provider name : bytebuddy
2026-07-09T10:57:19.635+02:00  INFO 12904 --- [           main] o.h.e.t.j.p.i.JtaPlatformInitiator       : HHH000490: Using JtaPlatform implementation: [org.hibernate.engine.transaction.jta.platform.internal.NoJtaPlatform]
2026-07-09T10:57:19.806+02:00  INFO 12904 --- [           main] j.LocalContainerEntityManagerFactoryBean : Initialized JPA EntityManagerFactory for persistence unit 'default'
2026-07-09T10:57:20.563+02:00  INFO 12904 --- [           main] o.s.d.j.r.query.QueryEnhancerFactory     : Hibernate is in classpath; If applicable, HQL parser will be used.
2026-07-09T10:57:25.174+02:00  INFO 12904 --- [           main] com.sgv.SgvWebApplication                : Started SgvWebApplication in 14.579 seconds (process running for 16.546)
2026-07-09T10:57:25.195+02:00  INFO 12904 --- [           main] com.sgv.config.DataInitializer           : Starting default data initialization
Hibernate: 
    select
        r1_0.id,
        r1_0.description,
        r1_0.name 
    from
        roles r1_0 
    where
        r1_0.name=?
Hibernate: 
    select
        r1_0.id,
        r1_0.description,
        r1_0.name 
    from
        roles r1_0 
    where
        r1_0.name=?
Hibernate: 
    select
        r1_0.id,
        r1_0.description,
        r1_0.name 
    from
        roles r1_0 
    where
        r1_0.name=?
Hibernate: 
    select
        r1_0.id,
        r1_0.description,
        r1_0.name 
    from
        roles r1_0 
    where
        r1_0.name=?
Hibernate: 
    select
        b1_0.id,
        b1_0.address,
        b1_0.contact,
        b1_0.is_head,
        b1_0.name,
        b1_0.nuit 
    from
        branches b1_0
Hibernate: 
    select
        r1_0.id,
        r1_0.description,
        r1_0.name 
    from
        roles r1_0 
    where
        r1_0.name=?
Hibernate: 
    select
        u1_0.id,
        u1_0.active,
        u1_0.branch_id,
        u1_0.can_view_stats,
        u1_0.commission_percent,
        u1_0.email,
        u1_0.force_change_password,
        u1_0.full_name,
        u1_0.password_hash,
        u1_0.username 
    from
        users u1_0 
    where
        u1_0.username=?
Hibernate: 
    select
        r1_0.user_id,
        r1_1.id,
        r1_1.description,
        r1_1.name 
    from
        user_roles r1_0 
    join
        roles r1_1 
            on r1_1.id=r1_0.role_id 
    where
        r1_0.user_id=?
Hibernate: 
    select
        u1_0.id,
        u1_0.active,
        u1_0.branch_id,
        u1_0.can_view_stats,
        u1_0.commission_percent,
        u1_0.email,
        u1_0.force_change_password,
        u1_0.full_name,
        u1_0.password_hash,
        u1_0.username 
    from
        users u1_0 
    where
        u1_0.username=?
Hibernate: 
    select
        r1_0.user_id,
        r1_1.id,
        r1_1.description,
        r1_1.name 
    from
        user_roles r1_0 
    join
        roles r1_1 
            on r1_1.id=r1_0.role_id 
    where
        r1_0.user_id=?
Hibernate: 
    select
        c1_0.id,
        c1_0.name 
    from
        categories c1_0
Hibernate: 
    select
        s1_0.id,
        s1_0.active,
        s1_0.address,
        s1_0.contact,
        s1_0.name,
        s1_0.nuit 
    from
        suppliers s1_0
Hibernate: 
    select
        p1_0.id,
        p1_0.bulk_quantity,
        p1_0.category_id,
        p1_0.code,
        p1_0.conversion_factor,
        p1_0.expiry_date,
        p1_0.ice_rate,
        p1_0.is_service,
        p1_0.name,
        p1_0.price_cost,
        p1_0.price_sale,
        p1_0.price_sale_bulk,
        p1_0.profit_margin,
        p1_0.supplier_id,
        p1_0.tax_rate,
        p1_0.unit_id,
        p1_0.unit_bulk_id 
    from
        products p1_0
Hibernate: 
    select
        p1_0.id,
        p1_0.bulk_quantity,
        p1_0.category_id,
        p1_0.code,
        p1_0.conversion_factor,
        p1_0.expiry_date,
        p1_0.ice_rate,
        p1_0.is_service,
        p1_0.name,
        p1_0.price_cost,
        p1_0.price_sale,
        p1_0.price_sale_bulk,
        p1_0.profit_margin,
        p1_0.supplier_id,
        p1_0.tax_rate,
        p1_0.unit_id,
        p1_0.unit_bulk_id 
    from
        products p1_0
Hibernate: 
    select
        c1_0.id,
        c1_0.address,
        c1_0.balance,
        c1_0.code,
        c1_0.contact,
        c1_0.created_at,
        c1_0.credit_limit,
        c1_0.default_discount,
        c1_0.fidelity_points,
        c1_0.name,
        c1_0.nuit,
        c1_0.type 
    from
        customers c1_0
Hibernate: 
    select
        c1_0.id,
        c1_0.address,
        c1_0.balance,
        c1_0.code,
        c1_0.contact,
        c1_0.created_at,
        c1_0.credit_limit,
        c1_0.default_discount,
        c1_0.fidelity_points,
        c1_0.name,
        c1_0.nuit,
        c1_0.type 
    from
        customers c1_0
Hibernate: 
    select
        count(*) 
    from
        sales s1_0
2026-07-09T10:57:25.530+02:00  INFO 12904 --- [           main] com.sgv.config.DataInitializer           : Default data initialization complete
2026-07-09T10:57:25.537+02:00  INFO 12904 --- [           main] com.sgv.config.DbTriggerConfig           : Inicializando Triggers de prote├º├úo fiscal no MariaDB...
2026-07-09T10:57:25.927+02:00  INFO 12904 --- [           main] com.sgv.config.DbTriggerConfig           : Triggers de prote├º├úo fiscal aplicados com sucesso.
2026-07-09T10:57:26.069+02:00  INFO 12904 --- [ionShutdownHook] j.LocalContainerEntityManagerFactoryBean : Closing JPA EntityManagerFactory for persistence unit 'default'
2026-07-09T10:57:26.077+02:00  INFO 12904 --- [ionShutdownHook] com.zaxxer.hikari.HikariDataSource       : HikariPool-1 - Shutdown initiated...
2026-07-09T10:57:26.085+02:00  INFO 12904 --- [ionShutdownHook] com.zaxxer.hikari.HikariDataSource       : HikariPool-1 - Shutdown completed.
