[INFO] Scanning for projects...
[INFO] 
[INFO] --------------------------< com.sgv:java-sgv >--------------------------
[INFO] Building java-sgv 0.1.0
[INFO]   from pom.xml
[INFO] --------------------------------[ jar ]---------------------------------
[WARNING] Parameter 'jvmArgs' is unknown for plugin 'javafx-maven-plugin:0.0.8:run (default-cli)'
[WARNING] 6 problems were encountered while building the effective model for org.openjfx:javafx-controls:jar:21 during dependency collection step for project (use -X to see details)
[INFO] 
[INFO] --- clean:3.2.0:clean (default-clean) @ java-sgv ---
[INFO] Deleting C:\xampp\htdocs\SGV\java-sgv\target
[INFO] 
[INFO] --- resources:3.3.1:resources (default-resources) @ java-sgv ---
[INFO] Copying 5 resources from src\main\resources to target\classes
[INFO] Copying 34 resources from src\main\resources to target\classes
[INFO] 
[INFO] --- compiler:3.11.0:compile (default-compile) @ java-sgv ---
[INFO] Changes detected - recompiling the module! :source
[INFO] Compiling 159 source files with javac [debug release 21] to target\classes
[INFO] /C:/xampp/htdocs/SGV/java-sgv/src/main/java/com/sgv/desktop/DashboardController.java: C:\xampp\htdocs\SGV\java-sgv\src\main\java\com\sgv\desktop\DashboardController.java uses or overrides a deprecated API.
[INFO] /C:/xampp/htdocs/SGV/java-sgv/src/main/java/com/sgv/desktop/DashboardController.java: Recompile with -Xlint:deprecation for details.
[INFO] /C:/xampp/htdocs/SGV/java-sgv/src/main/java/com/sgv/desktop/ReportsController.java: Some input files use unchecked or unsafe operations.
[INFO] /C:/xampp/htdocs/SGV/java-sgv/src/main/java/com/sgv/desktop/ReportsController.java: Recompile with -Xlint:unchecked for details.
[INFO] 
[INFO] >>> javafx:0.0.8:run (default-cli) > process-classes @ java-sgv >>>
[INFO] 
[INFO] --- resources:3.3.1:resources (default-resources) @ java-sgv ---
[INFO] Copying 5 resources from src\main\resources to target\classes
[INFO] Copying 34 resources from src\main\resources to target\classes
[INFO] 
[INFO] --- compiler:3.11.0:compile (default-compile) @ java-sgv ---
[INFO] Nothing to compile - all classes are up to date
[INFO] 
[INFO] <<< javafx:0.0.8:run (default-cli) < process-classes @ java-sgv <<<
[INFO] 
[INFO] 
[INFO] --- javafx:0.0.8:run (default-cli) @ java-sgv ---

  .   ____          _            __ _ _
 /\\ / ___'_ __ _ _(_)_ __  __ _ \ \ \ \
( ( )\___ | '_ | '_| | '_ \/ _` | \ \ \ \
 \\/  ___)| |_)| | | | | || (_| |  ) ) ) )
  '  |____| .__|_| |_|_| |_\__, | / / / /
 =========|_|==============|___/=/_/_/_/
 :: Spring Boot ::                (v3.1.4)

2026-07-13T09:36:31.646+02:00  INFO 15492 --- [lication Thread] o.s.boot.SpringApplication               : Starting application using Java 21.0.8 with PID 15492 (started by DELL in C:\xampp\htdocs\SGV\java-sgv)
2026-07-13T09:36:31.654+02:00  INFO 15492 --- [lication Thread] o.s.boot.SpringApplication               : No active profile set, falling back to 1 default profile: "default"
2026-07-13T09:36:37.287+02:00  INFO 15492 --- [lication Thread] .s.d.r.c.RepositoryConfigurationDelegate : Multiple Spring Data modules found, entering strict repository configuration mode
2026-07-13T09:36:37.296+02:00  INFO 15492 --- [lication Thread] .s.d.r.c.RepositoryConfigurationDelegate : Bootstrapping Spring Data JPA repositories in DEFAULT mode.
2026-07-13T09:36:40.567+02:00  INFO 15492 --- [lication Thread] .s.d.r.c.RepositoryConfigurationDelegate : Finished Spring Data repository scanning in 3118 ms. Found 26 JPA repository interfaces.
2026-07-13T09:36:43.344+02:00  INFO 15492 --- [lication Thread] o.s.b.w.embedded.tomcat.TomcatWebServer  : Tomcat initialized with port(s): 8080 (http)
2026-07-13T09:36:43.357+02:00  INFO 15492 --- [lication Thread] o.apache.catalina.core.StandardService   : Starting service [Tomcat]
2026-07-13T09:36:43.357+02:00  INFO 15492 --- [lication Thread] o.apache.catalina.core.StandardEngine    : Starting Servlet engine: [Apache Tomcat/10.1.13]
2026-07-13T09:36:43.578+02:00  INFO 15492 --- [lication Thread] o.a.c.c.C.[Tomcat].[localhost].[/]       : Initializing Spring embedded WebApplicationContext
2026-07-13T09:36:43.579+02:00  INFO 15492 --- [lication Thread] w.s.c.ServletWebServerApplicationContext : Root WebApplicationContext: initialization completed in 11756 ms
2026-07-13T09:36:44.021+02:00  INFO 15492 --- [lication Thread] o.f.c.internal.license.VersionPrinter    : Flyway Community Edition 9.16.3 by Redgate
2026-07-13T09:36:44.021+02:00  INFO 15492 --- [lication Thread] o.f.c.internal.license.VersionPrinter    : See release notes here: https://rd.gt/416ObMi
2026-07-13T09:36:44.021+02:00  INFO 15492 --- [lication Thread] o.f.c.internal.license.VersionPrinter    : 
2026-07-13T09:36:44.041+02:00  INFO 15492 --- [lication Thread] com.zaxxer.hikari.HikariDataSource       : HikariPool-1 - Starting...
2026-07-13T09:36:44.319+02:00  INFO 15492 --- [lication Thread] com.zaxxer.hikari.pool.HikariPool        : HikariPool-1 - Added connection org.mariadb.jdbc.Connection@4674dfb1
2026-07-13T09:36:44.319+02:00  INFO 15492 --- [lication Thread] com.zaxxer.hikari.HikariDataSource       : HikariPool-1 - Start completed.
2026-07-13T09:36:44.333+02:00  INFO 15492 --- [lication Thread] o.f.c.i.database.base.BaseDatabaseType   : Database: jdbc:mariadb://localhost/sgv (MariaDB 10.4)
2026-07-13T09:36:44.517+02:00  INFO 15492 --- [lication Thread] o.f.core.internal.command.DbMigrate      : Current version of schema `sgv`: 2
2026-07-13T09:36:44.517+02:00  WARN 15492 --- [lication Thread] o.f.core.internal.command.DbMigrate      : outOfOrder mode is active. Migration of schema `sgv` may not be reproducible.
2026-07-13T09:36:44.582+02:00  INFO 15492 --- [lication Thread] o.f.core.internal.command.DbMigrate      : Migrating schema `sgv` to version "3 - warehouses"
2026-07-13T09:36:45.454+02:00  INFO 15492 --- [lication Thread] o.f.core.internal.command.DbMigrate      : Successfully applied 1 migration to schema `sgv`, now at version v3 (execution time 00:01.018s)
2026-07-13T09:36:45.651+02:00  INFO 15492 --- [lication Thread] o.hibernate.jpa.internal.util.LogHelper  : HHH000204: Processing PersistenceUnitInfo [name: default]
2026-07-13T09:36:45.754+02:00  INFO 15492 --- [lication Thread] org.hibernate.Version                    : HHH000412: Hibernate ORM core version 6.2.9.Final
2026-07-13T09:36:45.773+02:00  INFO 15492 --- [lication Thread] org.hibernate.cfg.Environment            : HHH000406: Using bytecode reflection optimizer
2026-07-13T09:36:46.297+02:00  INFO 15492 --- [lication Thread] o.h.b.i.BytecodeProviderInitiator        : HHH000021: Bytecode provider name : bytebuddy
2026-07-13T09:36:46.550+02:00  INFO 15492 --- [lication Thread] o.s.o.j.p.SpringPersistenceUnitInfo      : No LoadTimeWeaver setup: ignoring JPA class transformer
2026-07-13T09:36:47.118+02:00  INFO 15492 --- [lication Thread] o.h.b.i.BytecodeProviderInitiator        : HHH000021: Bytecode provider name : bytebuddy
2026-07-13T09:36:48.857+02:00  INFO 15492 --- [lication Thread] o.h.e.t.j.p.i.JtaPlatformInitiator       : HHH000490: Using JtaPlatform implementation: [org.hibernate.engine.transaction.jta.platform.internal.NoJtaPlatform]
Hibernate: 
    alter table stock_warehouse 
       drop index if exists UKn04ygfa4lu18u01g4tg4whtjx
Hibernate: 
    alter table stock_warehouse 
       add constraint UKn04ygfa4lu18u01g4tg4whtjx unique (warehouse_id, product_id)
2026-07-13T09:36:49.079+02:00  INFO 15492 --- [lication Thread] j.LocalContainerEntityManagerFactoryBean : Initialized JPA EntityManagerFactory for persistence unit 'default'
2026-07-13T09:36:50.281+02:00  INFO 15492 --- [lication Thread] o.s.d.j.r.query.QueryEnhancerFactory     : Hibernate is in classpath; If applicable, HQL parser will be used.
2026-07-13T09:36:54.785+02:00  WARN 15492 --- [lication Thread] JpaBaseConfiguration$JpaWebConfiguration : spring.jpa.open-in-view is enabled by default. Therefore, database queries may be performed during view rendering. Explicitly configure spring.jpa.open-in-view to disable this warning
2026-07-13T09:36:55.080+02:00  INFO 15492 --- [lication Thread] o.s.s.web.DefaultSecurityFilterChain     : Will secure any request with [org.springframework.security.web.session.DisableEncodeUrlFilter@35286e18, org.springframework.security.web.context.request.async.WebAsyncManagerIntegrationFilter@4556abc3, org.springframework.security.web.context.SecurityContextHolderFilter@702e28b2, org.springframework.security.web.header.HeaderWriterFilter@43b6c76c, org.springframework.security.web.authentication.logout.LogoutFilter@4692f487, com.sgv.security.JwtFilter@53960ba, org.springframework.security.web.authentication.www.BasicAuthenticationFilter@4aa74523, org.springframework.security.web.savedrequest.RequestCacheAwareFilter@2027ad50, org.springframework.security.web.servletapi.SecurityContextHolderAwareRequestFilter@5bbd824e, org.springframework.security.web.authentication.AnonymousAuthenticationFilter@57515a4f, org.springframework.security.web.session.SessionManagementFilter@7776b4c5, org.springframework.security.web.access.ExceptionTranslationFilter@5fce8f6a, org.springframework.security.web.access.intercept.AuthorizationFilter@3ec10943]
2026-07-13T09:36:55.331+02:00  INFO 15492 --- [lication Thread] o.s.b.a.w.s.WelcomePageHandlerMapping    : Adding welcome page: class path resource [static/index.html]
2026-07-13T09:36:56.350+02:00  INFO 15492 --- [lication Thread] o.s.b.a.e.web.EndpointLinksResolver      : Exposing 3 endpoint(s) beneath base path '/actuator'
2026-07-13T09:36:56.552+02:00  INFO 15492 --- [lication Thread] o.s.b.w.embedded.tomcat.TomcatWebServer  : Tomcat started on port(s): 8080 (http) with context path ''
2026-07-13T09:36:56.598+02:00  INFO 15492 --- [lication Thread] o.s.boot.SpringApplication               : Started application in 26.32 seconds (process running for 28.34)
2026-07-13T09:36:56.770+02:00  INFO 15492 --- [lication Thread] com.sgv.config.DataInitializer           : Starting default data initialization
Hibernate: 
    select
        r1_0.id,
        r1_0.description,
        r1_0.name 
    from
        roles r1_0 
    where
        r1_0.name=?
Hibernate: 
    select
        r1_0.id,
        r1_0.description,
        r1_0.name 
    from
        roles r1_0 
    where
        r1_0.name=?
Hibernate: 
    select
        r1_0.id,
        r1_0.description,
        r1_0.name 
    from
        roles r1_0 
    where
        r1_0.name=?
Hibernate: 
    select
        r1_0.id,
        r1_0.description,
        r1_0.name 
    from
        roles r1_0 
    where
        r1_0.name=?
Hibernate: 
    select
        b1_0.id,
        b1_0.address,
        b1_0.contact,
        b1_0.is_head,
        b1_0.license_number,
        b1_0.name,
        b1_0.nuit,
        b1_0.software_cert_number 
    from
        branches b1_0
Hibernate: 
    select
        r1_0.id,
        r1_0.description,
        r1_0.name 
    from
        roles r1_0 
    where
        r1_0.name=?
Hibernate: 
    select
        u1_0.id,
        u1_0.active,
        u1_0.branch_id,
        u1_0.can_view_stats,
        u1_0.commission_percent,
        u1_0.email,
        u1_0.force_change_password,
        u1_0.full_name,
        u1_0.password_hash,
        u1_0.username 
    from
        users u1_0 
    where
        u1_0.username=?
Hibernate: 
    select
        r1_0.user_id,
        r1_1.id,
        r1_1.description,
        r1_1.name 
    from
        user_roles r1_0 
    join
        roles r1_1 
            on r1_1.id=r1_0.role_id 
    where
        r1_0.user_id=?
Hibernate: 
    select
        u1_0.id,
        u1_0.active,
        u1_0.branch_id,
        u1_0.can_view_stats,
        u1_0.commission_percent,
        u1_0.email,
        u1_0.force_change_password,
        u1_0.full_name,
        u1_0.password_hash,
        u1_0.username 
    from
        users u1_0 
    where
        u1_0.username=?
Hibernate: 
    select
        r1_0.user_id,
        r1_1.id,
        r1_1.description,
        r1_1.name 
    from
        user_roles r1_0 
    join
        roles r1_1 
            on r1_1.id=r1_0.role_id 
    where
        r1_0.user_id=?
Hibernate: 
    select
        c1_0.id,
        c1_0.name 
    from
        categories c1_0
Hibernate: 
    select
        p1_0.id,
        p1_0.bulk_quantity,
        p1_0.category_id,
        p1_0.code,
        p1_0.conversion_factor,
        p1_0.expiry_date,
        p1_0.ice_rate,
        p1_0.is_service,
        p1_0.name,
        p1_0.price_cost,
        p1_0.price_sale,
        p1_0.price_sale_bulk,
        p1_0.profit_margin,
        p1_0.tax_rate,
        p1_0.unit_id,
        p1_0.unit_bulk_id 
    from
        products p1_0
Hibernate: 
    select
        p1_0.id,
        p1_0.bulk_quantity,
        p1_0.category_id,
        p1_0.code,
        p1_0.conversion_factor,
        p1_0.expiry_date,
        p1_0.ice_rate,
        p1_0.is_service,
        p1_0.name,
        p1_0.price_cost,
        p1_0.price_sale,
        p1_0.price_sale_bulk,
        p1_0.profit_margin,
        p1_0.tax_rate,
        p1_0.unit_id,
        p1_0.unit_bulk_id 
    from
        products p1_0
Hibernate: 
    select
        c1_0.id,
        c1_0.address,
        c1_0.balance,
        c1_0.code,
        c1_0.contact,
        c1_0.created_at,
        c1_0.credit_limit,
        c1_0.default_discount,
        c1_0.fidelity_points,
        c1_0.name,
        c1_0.nuit,
        c1_0.type 
    from
        customers c1_0
Hibernate: 
    select
        c1_0.id,
        c1_0.address,
        c1_0.balance,
        c1_0.code,
        c1_0.contact,
        c1_0.created_at,
        c1_0.credit_limit,
        c1_0.default_discount,
        c1_0.fidelity_points,
        c1_0.name,
        c1_0.nuit,
        c1_0.type 
    from
        customers c1_0
Hibernate: 
    select
        count(*) 
    from
        sales s1_0
2026-07-13T09:36:57.094+02:00  INFO 15492 --- [lication Thread] com.sgv.config.DataInitializer           : Default data initialization complete
2026-07-13T09:36:57.097+02:00  INFO 15492 --- [lication Thread] com.sgv.config.DbTriggerConfig           : Inicializando Triggers de proteção fiscal no MariaDB...
2026-07-13T09:36:57.324+02:00  INFO 15492 --- [lication Thread] com.sgv.config.DbTriggerConfig           : Triggers de proteção fiscal aplicados com sucesso.
Hibernate: 
    select
        u1_0.id,
        u1_0.active,
        u1_0.branch_id,
        u1_0.can_view_stats,
        u1_0.commission_percent,
        u1_0.email,
        u1_0.force_change_password,
        u1_0.full_name,
        u1_0.password_hash,
        u1_0.username 
    from
        users u1_0 
    where
        u1_0.username=?
Hibernate: 
    select
        b1_0.id,
        b1_0.address,
        b1_0.contact,
        b1_0.is_head,
        b1_0.license_number,
        b1_0.name,
        b1_0.nuit,
        b1_0.software_cert_number 
    from
        branches b1_0 
    where
        b1_0.id=?
Hibernate: 
    select
        r1_0.user_id,
        r1_1.id,
        r1_1.description,
        r1_1.name 
    from
        user_roles r1_0 
    join
        roles r1_1 
            on r1_1.id=r1_0.role_id 
    where
        r1_0.user_id=?
Hibernate: 
    select
        b1_0.id,
        b1_0.address,
        b1_0.contact,
        b1_0.is_head,
        b1_0.license_number,
        b1_0.name,
        b1_0.nuit,
        b1_0.software_cert_number 
    from
        branches b1_0
Hibernate: 
    select
        s1_0.id,
        s1_0.annul_date,
        s1_0.annul_reason,
        s1_0.branch_id,
        s1_0.change_amount,
        s1_0.created_at,
        s1_0.currency,
        s1_0.customer_id,
        s1_0.customer_address,
        s1_0.customer_name,
        s1_0.customer_nuit,
        s1_0.demo_flag,
        s1_0.document_number,
        s1_0.document_type,
        s1_0.document_year,
        s1_0.exchange_rate,
        s1_0.hash_control,
        s1_0.hash_hash,
        s1_0.offline_flag,
        s1_0.origin_sale_id,
        s1_0.paid_amount,
        s1_0.payment_method,
        s1_0.pending_sync,
        s1_0.qr_code,
        s1_0.reprint_count,
        s1_0.series,
        s1_0.signature_hash,
        s1_0.state,
        s1_0.subtotal,
        s1_0.total,
        s1_0.total_discount,
        s1_0.total_ice,
        s1_0.total_tax,
        s1_0.withholding_tax,
        s1_0.withholding_tax_rate 
    from
        sales s1_0 
    where
        s1_0.created_at between ? and ? 
        and (
            ? is null 
            or s1_0.state=?
        )
Hibernate: 
    select
        b1_0.id,
        b1_0.address,
        b1_0.contact,
        b1_0.is_head,
        b1_0.license_number,
        b1_0.name,
        b1_0.nuit,
        b1_0.software_cert_number 
    from
        branches b1_0 
    where
        b1_0.id=?
Hibernate: 
    select
        s1_0.id,
        s1_0.branch_id,
        s1_0.product_id,
        s1_0.stock_current,
        s1_0.stock_max,
        s1_0.stock_min 
    from
        stock_branch s1_0
Hibernate: 
    select
        b1_0.id,
        b1_0.address,
        b1_0.contact,
        b1_0.is_head,
        b1_0.license_number,
        b1_0.name,
        b1_0.nuit,
        b1_0.software_cert_number 
    from
        branches b1_0 
    where
        b1_0.id=?
Hibernate: 
    select
        p1_0.id,
        p1_0.bulk_quantity,
        c1_0.id,
        c1_0.name,
        p1_0.code,
        p1_0.conversion_factor,
        p1_0.expiry_date,
        p1_0.ice_rate,
        p1_0.is_service,
        p1_0.name,
        p1_0.price_cost,
        p1_0.price_sale,
        p1_0.price_sale_bulk,
        p1_0.profit_margin,
        p1_0.tax_rate,
        u1_0.id,
        u1_0.abbreviation,
        u1_0.description,
        u2_0.id,
        u2_0.abbreviation,
        u2_0.description 
    from
        products p1_0 
    left join
        categories c1_0 
            on c1_0.id=p1_0.category_id 
    left join
        metric_units u1_0 
            on u1_0.id=p1_0.unit_id 
    left join
        metric_units u2_0 
            on u2_0.id=p1_0.unit_bulk_id 
    where
        p1_0.id=?
Hibernate: 
    select
        p1_0.id,
        p1_0.bulk_quantity,
        c1_0.id,
        c1_0.name,
        p1_0.code,
        p1_0.conversion_factor,
        p1_0.expiry_date,
        p1_0.ice_rate,
        p1_0.is_service,
        p1_0.name,
        p1_0.price_cost,
        p1_0.price_sale,
        p1_0.price_sale_bulk,
        p1_0.profit_margin,
        p1_0.tax_rate,
        u1_0.id,
        u1_0.abbreviation,
        u1_0.description,
        u2_0.id,
        u2_0.abbreviation,
        u2_0.description 
    from
        products p1_0 
    left join
        categories c1_0 
            on c1_0.id=p1_0.category_id 
    left join
        metric_units u1_0 
            on u1_0.id=p1_0.unit_id 
    left join
        metric_units u2_0 
            on u2_0.id=p1_0.unit_bulk_id 
    where
        p1_0.id=?
Hibernate: 
    select
        s1_0.id,
        s1_0.description,
        s1_0.discount,
        s1_0.ice_rate,
        s1_0.line_base,
        s1_0.line_discount,
        s1_0.line_ice,
        s1_0.line_tax,
        s1_0.line_total,
        s1_0.motivo_inexist_tax,
        s1_0.product_id,
        s1_0.product_code,
        s1_0.qty,
        s2_0.id,
        s2_0.annul_date,
        s2_0.annul_reason,
        s2_0.branch_id,
        s2_0.change_amount,
        s2_0.created_at,
        s2_0.currency,
        s2_0.customer_id,
        s2_0.customer_address,
        s2_0.customer_name,
        s2_0.customer_nuit,
        s2_0.demo_flag,
        s2_0.document_number,
        s2_0.document_type,
        s2_0.document_year,
        s2_0.exchange_rate,
        s2_0.hash_control,
        s2_0.hash_hash,
        s2_0.offline_flag,
        s2_0.origin_sale_id,
        s2_0.paid_amount,
        s2_0.payment_method,
        s2_0.pending_sync,
        s2_0.qr_code,
        s2_0.reprint_count,
        s2_0.series,
        s2_0.signature_hash,
        s2_0.state,
        s2_0.subtotal,
        s2_0.total,
        s2_0.total_discount,
        s2_0.total_ice,
        s2_0.total_tax,
        s2_0.withholding_tax,
        s2_0.withholding_tax_rate,
        s1_0.tax_rate,
        s1_0.tax_type,
        s1_0.unit,
        s1_0.unit_price 
    from
        sale_items s1_0 
    join
        sales s2_0 
            on s2_0.id=s1_0.sale_id 
    where
        s2_0.created_at>=? 
        and s2_0.created_at<=?
Hibernate: 
    select
        p1_0.id,
        p1_0.bulk_quantity,
        c1_0.id,
        c1_0.name,
        p1_0.code,
        p1_0.conversion_factor,
        p1_0.expiry_date,
        p1_0.ice_rate,
        p1_0.is_service,
        p1_0.name,
        p1_0.price_cost,
        p1_0.price_sale,
        p1_0.price_sale_bulk,
        p1_0.profit_margin,
        p1_0.tax_rate,
        u1_0.id,
        u1_0.abbreviation,
        u1_0.description,
        u2_0.id,
        u2_0.abbreviation,
        u2_0.description 
    from
        products p1_0 
    left join
        categories c1_0 
            on c1_0.id=p1_0.category_id 
    left join
        metric_units u1_0 
            on u1_0.id=p1_0.unit_id 
    left join
        metric_units u2_0 
            on u2_0.id=p1_0.unit_bulk_id 
    where
        p1_0.id=?
Hibernate: 
    select
        b1_0.id,
        b1_0.address,
        b1_0.contact,
        b1_0.is_head,
        b1_0.license_number,
        b1_0.name,
        b1_0.nuit,
        b1_0.software_cert_number 
    from
        branches b1_0 
    where
        b1_0.id=?
Hibernate: 
    select
        p1_0.id,
        p1_0.bulk_quantity,
        c1_0.id,
        c1_0.name,
        p1_0.code,
        p1_0.conversion_factor,
        p1_0.expiry_date,
        p1_0.ice_rate,
        p1_0.is_service,
        p1_0.name,
        p1_0.price_cost,
        p1_0.price_sale,
        p1_0.price_sale_bulk,
        p1_0.profit_margin,
        p1_0.tax_rate,
        u1_0.id,
        u1_0.abbreviation,
        u1_0.description,
        u2_0.id,
        u2_0.abbreviation,
        u2_0.description 
    from
        products p1_0 
    left join
        categories c1_0 
            on c1_0.id=p1_0.category_id 
    left join
        metric_units u1_0 
            on u1_0.id=p1_0.unit_id 
    left join
        metric_units u2_0 
            on u2_0.id=p1_0.unit_bulk_id 
    where
        p1_0.id=?
Hibernate: 
    select
        p1_0.id,
        p1_0.bulk_quantity,
        p1_0.category_id,
        p1_0.code,
        p1_0.conversion_factor,
        p1_0.expiry_date,
        p1_0.ice_rate,
        p1_0.is_service,
        p1_0.name,
        p1_0.price_cost,
        p1_0.price_sale,
        p1_0.price_sale_bulk,
        p1_0.profit_margin,
        p1_0.tax_rate,
        p1_0.unit_id,
        p1_0.unit_bulk_id 
    from
        products p1_0
Hibernate: 
    select
        c1_0.id,
        c1_0.name 
    from
        categories c1_0 
    where
        c1_0.id=?
Hibernate: 
    select
        s1_0.id,
        s1_0.annul_date,
        s1_0.annul_reason,
        s1_0.branch_id,
        s1_0.change_amount,
        s1_0.created_at,
        s1_0.currency,
        s1_0.customer_id,
        s1_0.customer_address,
        s1_0.customer_name,
        s1_0.customer_nuit,
        s1_0.demo_flag,
        s1_0.document_number,
        s1_0.document_type,
        s1_0.document_year,
        s1_0.exchange_rate,
        s1_0.hash_control,
        s1_0.hash_hash,
        s1_0.offline_flag,
        s1_0.origin_sale_id,
        s1_0.paid_amount,
        s1_0.payment_method,
        s1_0.pending_sync,
        s1_0.qr_code,
        s1_0.reprint_count,
        s1_0.series,
        s1_0.signature_hash,
        s1_0.state,
        s1_0.subtotal,
        s1_0.total,
        s1_0.total_discount,
        s1_0.total_ice,
        s1_0.total_tax,
        s1_0.withholding_tax,
        s1_0.withholding_tax_rate 
    from
        sales s1_0
Hibernate: 
    select
        b1_0.id,
        b1_0.address,
        b1_0.contact,
        b1_0.is_head,
        b1_0.license_number,
        b1_0.name,
        b1_0.nuit,
        b1_0.software_cert_number 
    from
        branches b1_0 
    where
        b1_0.id=?
Hibernate: 
    select
        c1_0.id,
        c1_0.address,
        c1_0.balance,
        c1_0.code,
        c1_0.contact,
        c1_0.created_at,
        c1_0.credit_limit,
        c1_0.default_discount,
        c1_0.fidelity_points,
        c1_0.name,
        c1_0.nuit,
        c1_0.type 
    from
        customers c1_0 
    where
        c1_0.id=?
Hibernate: 
    select
        c1_0.id,
        c1_0.address,
        c1_0.balance,
        c1_0.code,
        c1_0.contact,
        c1_0.created_at,
        c1_0.credit_limit,
        c1_0.default_discount,
        c1_0.fidelity_points,
        c1_0.name,
        c1_0.nuit,
        c1_0.type 
    from
        customers c1_0 
    where
        c1_0.id=?
Hibernate: 
    select
        s1_0.id,
        s1_0.branch_id,
        s1_0.created_at,
        s1_0.product_id,
        s1_0.qty,
        s1_0.reference,
        s1_0.stock_after,
        s1_0.stock_before,
        s1_0.subtype,
        s1_0.type,
        s1_0.user_id 
    from
        stock_movements s1_0
Hibernate: 
    select
        b1_0.id,
        b1_0.address,
        b1_0.contact,
        b1_0.is_head,
        b1_0.license_number,
        b1_0.name,
        b1_0.nuit,
        b1_0.software_cert_number 
    from
        branches b1_0 
    where
        b1_0.id=?
Hibernate: 
    select
        p1_0.id,
        p1_0.bulk_quantity,
        c1_0.id,
        c1_0.name,
        p1_0.code,
        p1_0.conversion_factor,
        p1_0.expiry_date,
        p1_0.ice_rate,
        p1_0.is_service,
        p1_0.name,
        p1_0.price_cost,
        p1_0.price_sale,
        p1_0.price_sale_bulk,
        p1_0.profit_margin,
        p1_0.tax_rate,
        u1_0.id,
        u1_0.abbreviation,
        u1_0.description,
        u2_0.id,
        u2_0.abbreviation,
        u2_0.description 
    from
        products p1_0 
    left join
        categories c1_0 
            on c1_0.id=p1_0.category_id 
    left join
        metric_units u1_0 
            on u1_0.id=p1_0.unit_id 
    left join
        metric_units u2_0 
            on u2_0.id=p1_0.unit_bulk_id 
    where
        p1_0.id=?
Hibernate: 
    select
        u1_0.id,
        u1_0.active,
        b1_0.id,
        b1_0.address,
        b1_0.contact,
        b1_0.is_head,
        b1_0.license_number,
        b1_0.name,
        b1_0.nuit,
        b1_0.software_cert_number,
        u1_0.can_view_stats,
        u1_0.commission_percent,
        u1_0.email,
        u1_0.force_change_password,
        u1_0.full_name,
        u1_0.password_hash,
        r1_0.user_id,
        r1_1.id,
        r1_1.description,
        r1_1.name,
        u1_0.username 
    from
        users u1_0 
    left join
        branches b1_0 
            on b1_0.id=u1_0.branch_id 
    left join
        (user_roles r1_0 
    join
        roles r1_1 
            on r1_1.id=r1_0.role_id) 
                on u1_0.id=r1_0.user_id 
        where
            u1_0.id=?
Hibernate: 
    select
        b1_0.id,
        b1_0.address,
        b1_0.contact,
        b1_0.is_head,
        b1_0.license_number,
        b1_0.name,
        b1_0.nuit,
        b1_0.software_cert_number 
    from
        branches b1_0
Hibernate: 
    select
        p1_0.id,
        p1_0.bulk_quantity,
        p1_0.category_id,
        p1_0.code,
        p1_0.conversion_factor,
        p1_0.expiry_date,
        p1_0.ice_rate,
        p1_0.is_service,
        p1_0.name,
        p1_0.price_cost,
        p1_0.price_sale,
        p1_0.price_sale_bulk,
        p1_0.profit_margin,
        p1_0.tax_rate,
        p1_0.unit_id,
        p1_0.unit_bulk_id 
    from
        products p1_0
Hibernate: 
    select
        c1_0.id,
        c1_0.name 
    from
        categories c1_0 
    where
        c1_0.id=?
Hibernate: 
    select
        s1_0.id,
        s1_0.branch_id,
        s1_0.product_id,
        s1_0.stock_current,
        s1_0.stock_max,
        s1_0.stock_min 
    from
        stock_branch s1_0
Hibernate: 
    select
        b1_0.id,
        b1_0.address,
        b1_0.contact,
        b1_0.is_head,
        b1_0.license_number,
        b1_0.name,
        b1_0.nuit,
        b1_0.software_cert_number 
    from
        branches b1_0 
    where
        b1_0.id=?
Hibernate: 
    select
        p1_0.id,
        p1_0.bulk_quantity,
        c1_0.id,
        c1_0.name,
        p1_0.code,
        p1_0.conversion_factor,
        p1_0.expiry_date,
        p1_0.ice_rate,
        p1_0.is_service,
        p1_0.name,
        p1_0.price_cost,
        p1_0.price_sale,
        p1_0.price_sale_bulk,
        p1_0.profit_margin,
        p1_0.tax_rate,
        u1_0.id,
        u1_0.abbreviation,
        u1_0.description,
        u2_0.id,
        u2_0.abbreviation,
        u2_0.description 
    from
        products p1_0 
    left join
        categories c1_0 
            on c1_0.id=p1_0.category_id 
    left join
        metric_units u1_0 
            on u1_0.id=p1_0.unit_id 
    left join
        metric_units u2_0 
            on u2_0.id=p1_0.unit_bulk_id 
    where
        p1_0.id=?
Hibernate: 
    select
        p1_0.id,
        p1_0.bulk_quantity,
        c1_0.id,
        c1_0.name,
        p1_0.code,
        p1_0.conversion_factor,
        p1_0.expiry_date,
        p1_0.ice_rate,
        p1_0.is_service,
        p1_0.name,
        p1_0.price_cost,
        p1_0.price_sale,
        p1_0.price_sale_bulk,
        p1_0.profit_margin,
        p1_0.tax_rate,
        u1_0.id,
        u1_0.abbreviation,
        u1_0.description,
        u2_0.id,
        u2_0.abbreviation,
        u2_0.description 
    from
        products p1_0 
    left join
        categories c1_0 
            on c1_0.id=p1_0.category_id 
    left join
        metric_units u1_0 
            on u1_0.id=p1_0.unit_id 
    left join
        metric_units u2_0 
            on u2_0.id=p1_0.unit_bulk_id 
    where
        p1_0.id=?
Hibernate: 
    select
        t1_0.id,
        t1_0.cancel_reason,
        t1_0.created_at,
        t1_0.destination_branch_id,
        t1_0.document_number,
        t1_0.document_year,
        t1_0.notes,
        t1_0.processed_at,
        t1_0.processed_by,
        t1_0.requested_by,
        t1_0.series,
        t1_0.source_branch_id,
        t1_0.status 
    from
        transfers t1_0
Hibernate: 
    select
        count(*) 
    from
        sales s1_0
Hibernate: 
    select
        s1_0.id,
        s1_0.annul_date,
        s1_0.annul_reason,
        s1_0.branch_id,
        s1_0.change_amount,
        s1_0.created_at,
        s1_0.currency,
        s1_0.customer_id,
        s1_0.customer_address,
        s1_0.customer_name,
        s1_0.customer_nuit,
        s1_0.demo_flag,
        s1_0.document_number,
        s1_0.document_type,
        s1_0.document_year,
        s1_0.exchange_rate,
        s1_0.hash_control,
        s1_0.hash_hash,
        s1_0.offline_flag,
        s1_0.origin_sale_id,
        s1_0.paid_amount,
        s1_0.payment_method,
        s1_0.pending_sync,
        s1_0.qr_code,
        s1_0.reprint_count,
        s1_0.series,
        s1_0.signature_hash,
        s1_0.state,
        s1_0.subtotal,
        s1_0.total,
        s1_0.total_discount,
        s1_0.total_ice,
        s1_0.total_tax,
        s1_0.withholding_tax,
        s1_0.withholding_tax_rate 
    from
        sales s1_0
Hibernate: 
    select
        b1_0.id,
        b1_0.address,
        b1_0.contact,
        b1_0.is_head,
        b1_0.license_number,
        b1_0.name,
        b1_0.nuit,
        b1_0.software_cert_number 
    from
        branches b1_0 
    where
        b1_0.id=?
Hibernate: 
    select
        c1_0.id,
        c1_0.address,
        c1_0.balance,
        c1_0.code,
        c1_0.contact,
        c1_0.created_at,
        c1_0.credit_limit,
        c1_0.default_discount,
        c1_0.fidelity_points,
        c1_0.name,
        c1_0.nuit,
        c1_0.type 
    from
        customers c1_0 
    where
        c1_0.id=?
Hibernate: 
    select
        c1_0.id,
        c1_0.address,
        c1_0.balance,
        c1_0.code,
        c1_0.contact,
        c1_0.created_at,
        c1_0.credit_limit,
        c1_0.default_discount,
        c1_0.fidelity_points,
        c1_0.name,
        c1_0.nuit,
        c1_0.type 
    from
        customers c1_0 
    where
        c1_0.id=?
Hibernate: 
    select
        count(*) 
    from
        products p1_0
Hibernate: 
    select
        count(*) 
    from
        customers c1_0
Hibernate: 
    select
        count(*) 
    from
        branches b1_0
Hibernate: 
    select
        s1_0.id,
        s1_0.annul_date,
        s1_0.annul_reason,
        s1_0.branch_id,
        s1_0.change_amount,
        s1_0.created_at,
        s1_0.currency,
        s1_0.customer_id,
        s1_0.customer_address,
        s1_0.customer_name,
        s1_0.customer_nuit,
        s1_0.demo_flag,
        s1_0.document_number,
        s1_0.document_type,
        s1_0.document_year,
        s1_0.exchange_rate,
        s1_0.hash_control,
        s1_0.hash_hash,
        s1_0.offline_flag,
        s1_0.origin_sale_id,
        s1_0.paid_amount,
        s1_0.payment_method,
        s1_0.pending_sync,
        s1_0.qr_code,
        s1_0.reprint_count,
        s1_0.series,
        s1_0.signature_hash,
        s1_0.state,
        s1_0.subtotal,
        s1_0.total,
        s1_0.total_discount,
        s1_0.total_ice,
        s1_0.total_tax,
        s1_0.withholding_tax,
        s1_0.withholding_tax_rate 
    from
        sales s1_0
Hibernate: 
    select
        b1_0.id,
        b1_0.address,
        b1_0.contact,
        b1_0.is_head,
        b1_0.license_number,
        b1_0.name,
        b1_0.nuit,
        b1_0.software_cert_number 
    from
        branches b1_0 
    where
        b1_0.id=?
Hibernate: 
    select
        c1_0.id,
        c1_0.address,
        c1_0.balance,
        c1_0.code,
        c1_0.contact,
        c1_0.created_at,
        c1_0.credit_limit,
        c1_0.default_discount,
        c1_0.fidelity_points,
        c1_0.name,
        c1_0.nuit,
        c1_0.type 
    from
        customers c1_0 
    where
        c1_0.id=?
Hibernate: 
    select
        c1_0.id,
        c1_0.address,
        c1_0.balance,
        c1_0.code,
        c1_0.contact,
        c1_0.created_at,
        c1_0.credit_limit,
        c1_0.default_discount,
        c1_0.fidelity_points,
        c1_0.name,
        c1_0.nuit,
        c1_0.type 
    from
        customers c1_0 
    where
        c1_0.id=?
Hibernate: 
    select
        s1_0.id,
        s1_0.annul_date,
        s1_0.annul_reason,
        s1_0.branch_id,
        s1_0.change_amount,
        s1_0.created_at,
        s1_0.currency,
        s1_0.customer_id,
        s1_0.customer_address,
        s1_0.customer_name,
        s1_0.customer_nuit,
        s1_0.demo_flag,
        s1_0.document_number,
        s1_0.document_type,
        s1_0.document_year,
        s1_0.exchange_rate,
        s1_0.hash_control,
        s1_0.hash_hash,
        s1_0.offline_flag,
        s1_0.origin_sale_id,
        s1_0.paid_amount,
        s1_0.payment_method,
        s1_0.pending_sync,
        s1_0.qr_code,
        s1_0.reprint_count,
        s1_0.series,
        s1_0.signature_hash,
        s1_0.state,
        s1_0.subtotal,
        s1_0.total,
        s1_0.total_discount,
        s1_0.total_ice,
        s1_0.total_tax,
        s1_0.withholding_tax,
        s1_0.withholding_tax_rate 
    from
        sales s1_0
Hibernate: 
    select
        b1_0.id,
        b1_0.address,
        b1_0.contact,
        b1_0.is_head,
        b1_0.license_number,
        b1_0.name,
        b1_0.nuit,
        b1_0.software_cert_number 
    from
        branches b1_0 
    where
        b1_0.id=?
Hibernate: 
    select
        c1_0.id,
        c1_0.address,
        c1_0.balance,
        c1_0.code,
        c1_0.contact,
        c1_0.created_at,
        c1_0.credit_limit,
        c1_0.default_discount,
        c1_0.fidelity_points,
        c1_0.name,
        c1_0.nuit,
        c1_0.type 
    from
        customers c1_0 
    where
        c1_0.id=?
Hibernate: 
    select
        c1_0.id,
        c1_0.address,
        c1_0.balance,
        c1_0.code,
        c1_0.contact,
        c1_0.created_at,
        c1_0.credit_limit,
        c1_0.default_discount,
        c1_0.fidelity_points,
        c1_0.name,
        c1_0.nuit,
        c1_0.type 
    from
        customers c1_0 
    where
        c1_0.id=?
Hibernate: 
    select
        s1_0.id,
        s1_0.branch_id,
        s1_0.product_id,
        s1_0.stock_current,
        s1_0.stock_max,
        s1_0.stock_min 
    from
        stock_branch s1_0
Hibernate: 
    select
        b1_0.id,
        b1_0.address,
        b1_0.contact,
        b1_0.is_head,
        b1_0.license_number,
        b1_0.name,
        b1_0.nuit,
        b1_0.software_cert_number 
    from
        branches b1_0 
    where
        b1_0.id=?
Hibernate: 
    select
        p1_0.id,
        p1_0.bulk_quantity,
        c1_0.id,
        c1_0.name,
        p1_0.code,
        p1_0.conversion_factor,
        p1_0.expiry_date,
        p1_0.ice_rate,
        p1_0.is_service,
        p1_0.name,
        p1_0.price_cost,
        p1_0.price_sale,
        p1_0.price_sale_bulk,
        p1_0.profit_margin,
        p1_0.tax_rate,
        u1_0.id,
        u1_0.abbreviation,
        u1_0.description,
        u2_0.id,
        u2_0.abbreviation,
        u2_0.description 
    from
        products p1_0 
    left join
        categories c1_0 
            on c1_0.id=p1_0.category_id 
    left join
        metric_units u1_0 
            on u1_0.id=p1_0.unit_id 
    left join
        metric_units u2_0 
            on u2_0.id=p1_0.unit_bulk_id 
    where
        p1_0.id=?
Hibernate: 
    select
        p1_0.id,
        p1_0.bulk_quantity,
        c1_0.id,
        c1_0.name,
        p1_0.code,
        p1_0.conversion_factor,
        p1_0.expiry_date,
        p1_0.ice_rate,
        p1_0.is_service,
        p1_0.name,
        p1_0.price_cost,
        p1_0.price_sale,
        p1_0.price_sale_bulk,
        p1_0.profit_margin,
        p1_0.tax_rate,
        u1_0.id,
        u1_0.abbreviation,
        u1_0.description,
        u2_0.id,
        u2_0.abbreviation,
        u2_0.description 
    from
        products p1_0 
    left join
        categories c1_0 
            on c1_0.id=p1_0.category_id 
    left join
        metric_units u1_0 
            on u1_0.id=p1_0.unit_id 
    left join
        metric_units u2_0 
            on u2_0.id=p1_0.unit_bulk_id 
    where
        p1_0.id=?
Hibernate: 
    select
        s1_0.id,
        s1_0.annul_date,
        s1_0.annul_reason,
        s1_0.branch_id,
        s1_0.change_amount,
        s1_0.created_at,
        s1_0.currency,
        s1_0.customer_id,
        s1_0.customer_address,
        s1_0.customer_name,
        s1_0.customer_nuit,
        s1_0.demo_flag,
        s1_0.document_number,
        s1_0.document_type,
        s1_0.document_year,
        s1_0.exchange_rate,
        s1_0.hash_control,
        s1_0.hash_hash,
        s1_0.offline_flag,
        s1_0.origin_sale_id,
        s1_0.paid_amount,
        s1_0.payment_method,
        s1_0.pending_sync,
        s1_0.qr_code,
        s1_0.reprint_count,
        s1_0.series,
        s1_0.signature_hash,
        s1_0.state,
        s1_0.subtotal,
        s1_0.total,
        s1_0.total_discount,
        s1_0.total_ice,
        s1_0.total_tax,
        s1_0.withholding_tax,
        s1_0.withholding_tax_rate 
    from
        sales s1_0
Hibernate: 
    select
        b1_0.id,
        b1_0.address,
        b1_0.contact,
        b1_0.is_head,
        b1_0.license_number,
        b1_0.name,
        b1_0.nuit,
        b1_0.software_cert_number 
    from
        branches b1_0 
    where
        b1_0.id=?
Hibernate: 
    select
        c1_0.id,
        c1_0.address,
        c1_0.balance,
        c1_0.code,
        c1_0.contact,
        c1_0.created_at,
        c1_0.credit_limit,
        c1_0.default_discount,
        c1_0.fidelity_points,
        c1_0.name,
        c1_0.nuit,
        c1_0.type 
    from
        customers c1_0 
    where
        c1_0.id=?
Hibernate: 
    select
        c1_0.id,
        c1_0.address,
        c1_0.balance,
        c1_0.code,
        c1_0.contact,
        c1_0.created_at,
        c1_0.credit_limit,
        c1_0.default_discount,
        c1_0.fidelity_points,
        c1_0.name,
        c1_0.nuit,
        c1_0.type 
    from
        customers c1_0 
    where
        c1_0.id=?
Hibernate: 
    select
        count(*) 
    from
        sales s1_0
Hibernate: 
    select
        s1_0.id,
        s1_0.annul_date,
        s1_0.annul_reason,
        s1_0.branch_id,
        s1_0.change_amount,
        s1_0.created_at,
        s1_0.currency,
        s1_0.customer_id,
        s1_0.customer_address,
        s1_0.customer_name,
        s1_0.customer_nuit,
        s1_0.demo_flag,
        s1_0.document_number,
        s1_0.document_type,
        s1_0.document_year,
        s1_0.exchange_rate,
        s1_0.hash_control,
        s1_0.hash_hash,
        s1_0.offline_flag,
        s1_0.origin_sale_id,
        s1_0.paid_amount,
        s1_0.payment_method,
        s1_0.pending_sync,
        s1_0.qr_code,
        s1_0.reprint_count,
        s1_0.series,
        s1_0.signature_hash,
        s1_0.state,
        s1_0.subtotal,
        s1_0.total,
        s1_0.total_discount,
        s1_0.total_ice,
        s1_0.total_tax,
        s1_0.withholding_tax,
        s1_0.withholding_tax_rate 
    from
        sales s1_0
Hibernate: 
    select
        b1_0.id,
        b1_0.address,
        b1_0.contact,
        b1_0.is_head,
        b1_0.license_number,
        b1_0.name,
        b1_0.nuit,
        b1_0.software_cert_number 
    from
        branches b1_0 
    where
        b1_0.id=?
Hibernate: 
    select
        c1_0.id,
        c1_0.address,
        c1_0.balance,
        c1_0.code,
        c1_0.contact,
        c1_0.created_at,
        c1_0.credit_limit,
        c1_0.default_discount,
        c1_0.fidelity_points,
        c1_0.name,
        c1_0.nuit,
        c1_0.type 
    from
        customers c1_0 
    where
        c1_0.id=?
Hibernate: 
    select
        c1_0.id,
        c1_0.address,
        c1_0.balance,
        c1_0.code,
        c1_0.contact,
        c1_0.created_at,
        c1_0.credit_limit,
        c1_0.default_discount,
        c1_0.fidelity_points,
        c1_0.name,
        c1_0.nuit,
        c1_0.type 
    from
        customers c1_0 
    where
        c1_0.id=?
Hibernate: 
    select
        count(*) 
    from
        products p1_0
Hibernate: 
    select
        count(*) 
    from
        customers c1_0
Hibernate: 
    select
        count(*) 
    from
        branches b1_0
Hibernate: 
    select
        s1_0.id,
        s1_0.annul_date,
        s1_0.annul_reason,
        s1_0.branch_id,
        s1_0.change_amount,
        s1_0.created_at,
        s1_0.currency,
        s1_0.customer_id,
        s1_0.customer_address,
        s1_0.customer_name,
        s1_0.customer_nuit,
        s1_0.demo_flag,
        s1_0.document_number,
        s1_0.document_type,
        s1_0.document_year,
        s1_0.exchange_rate,
        s1_0.hash_control,
        s1_0.hash_hash,
        s1_0.offline_flag,
        s1_0.origin_sale_id,
        s1_0.paid_amount,
        s1_0.payment_method,
        s1_0.pending_sync,
        s1_0.qr_code,
        s1_0.reprint_count,
        s1_0.series,
        s1_0.signature_hash,
        s1_0.state,
        s1_0.subtotal,
        s1_0.total,
        s1_0.total_discount,
        s1_0.total_ice,
        s1_0.total_tax,
        s1_0.withholding_tax,
        s1_0.withholding_tax_rate 
    from
        sales s1_0
Hibernate: 
    select
        b1_0.id,
        b1_0.address,
        b1_0.contact,
        b1_0.is_head,
        b1_0.license_number,
        b1_0.name,
        b1_0.nuit,
        b1_0.software_cert_number 
    from
        branches b1_0 
    where
        b1_0.id=?
Hibernate: 
    select
        c1_0.id,
        c1_0.address,
        c1_0.balance,
        c1_0.code,
        c1_0.contact,
        c1_0.created_at,
        c1_0.credit_limit,
        c1_0.default_discount,
        c1_0.fidelity_points,
        c1_0.name,
        c1_0.nuit,
        c1_0.type 
    from
        customers c1_0 
    where
        c1_0.id=?
Hibernate: 
    select
        c1_0.id,
        c1_0.address,
        c1_0.balance,
        c1_0.code,
        c1_0.contact,
        c1_0.created_at,
        c1_0.credit_limit,
        c1_0.default_discount,
        c1_0.fidelity_points,
        c1_0.name,
        c1_0.nuit,
        c1_0.type 
    from
        customers c1_0 
    where
        c1_0.id=?
Hibernate: 
    select
        s1_0.id,
        s1_0.annul_date,
        s1_0.annul_reason,
        s1_0.branch_id,
        s1_0.change_amount,
        s1_0.created_at,
        s1_0.currency,
        s1_0.customer_id,
        s1_0.customer_address,
        s1_0.customer_name,
        s1_0.customer_nuit,
        s1_0.demo_flag,
        s1_0.document_number,
        s1_0.document_type,
        s1_0.document_year,
        s1_0.exchange_rate,
        s1_0.hash_control,
        s1_0.hash_hash,
        s1_0.offline_flag,
        s1_0.origin_sale_id,
        s1_0.paid_amount,
        s1_0.payment_method,
        s1_0.pending_sync,
        s1_0.qr_code,
        s1_0.reprint_count,
        s1_0.series,
        s1_0.signature_hash,
        s1_0.state,
        s1_0.subtotal,
        s1_0.total,
        s1_0.total_discount,
        s1_0.total_ice,
        s1_0.total_tax,
        s1_0.withholding_tax,
        s1_0.withholding_tax_rate 
    from
        sales s1_0
Hibernate: 
    select
        b1_0.id,
        b1_0.address,
        b1_0.contact,
        b1_0.is_head,
        b1_0.license_number,
        b1_0.name,
        b1_0.nuit,
        b1_0.software_cert_number 
    from
        branches b1_0 
    where
        b1_0.id=?
Hibernate: 
    select
        c1_0.id,
        c1_0.address,
        c1_0.balance,
        c1_0.code,
        c1_0.contact,
        c1_0.created_at,
        c1_0.credit_limit,
        c1_0.default_discount,
        c1_0.fidelity_points,
        c1_0.name,
        c1_0.nuit,
        c1_0.type 
    from
        customers c1_0 
    where
        c1_0.id=?
Hibernate: 
    select
        c1_0.id,
        c1_0.address,
        c1_0.balance,
        c1_0.code,
        c1_0.contact,
        c1_0.created_at,
        c1_0.credit_limit,
        c1_0.default_discount,
        c1_0.fidelity_points,
        c1_0.name,
        c1_0.nuit,
        c1_0.type 
    from
        customers c1_0 
    where
        c1_0.id=?
Hibernate: 
    select
        s1_0.id,
        s1_0.branch_id,
        s1_0.product_id,
        s1_0.stock_current,
        s1_0.stock_max,
        s1_0.stock_min 
    from
        stock_branch s1_0
Hibernate: 
    select
        b1_0.id,
        b1_0.address,
        b1_0.contact,
        b1_0.is_head,
        b1_0.license_number,
        b1_0.name,
        b1_0.nuit,
        b1_0.software_cert_number 
    from
        branches b1_0 
    where
        b1_0.id=?
Hibernate: 
    select
        p1_0.id,
        p1_0.bulk_quantity,
        c1_0.id,
        c1_0.name,
        p1_0.code,
        p1_0.conversion_factor,
        p1_0.expiry_date,
        p1_0.ice_rate,
        p1_0.is_service,
        p1_0.name,
        p1_0.price_cost,
        p1_0.price_sale,
        p1_0.price_sale_bulk,
        p1_0.profit_margin,
        p1_0.tax_rate,
        u1_0.id,
        u1_0.abbreviation,
        u1_0.description,
        u2_0.id,
        u2_0.abbreviation,
        u2_0.description 
    from
        products p1_0 
    left join
        categories c1_0 
            on c1_0.id=p1_0.category_id 
    left join
        metric_units u1_0 
            on u1_0.id=p1_0.unit_id 
    left join
        metric_units u2_0 
            on u2_0.id=p1_0.unit_bulk_id 
    where
        p1_0.id=?
Hibernate: 
    select
        p1_0.id,
        p1_0.bulk_quantity,
        c1_0.id,
        c1_0.name,
        p1_0.code,
        p1_0.conversion_factor,
        p1_0.expiry_date,
        p1_0.ice_rate,
        p1_0.is_service,
        p1_0.name,
        p1_0.price_cost,
        p1_0.price_sale,
        p1_0.price_sale_bulk,
        p1_0.profit_margin,
        p1_0.tax_rate,
        u1_0.id,
        u1_0.abbreviation,
        u1_0.description,
        u2_0.id,
        u2_0.abbreviation,
        u2_0.description 
    from
        products p1_0 
    left join
        categories c1_0 
            on c1_0.id=p1_0.category_id 
    left join
        metric_units u1_0 
            on u1_0.id=p1_0.unit_id 
    left join
        metric_units u2_0 
            on u2_0.id=p1_0.unit_bulk_id 
    where
        p1_0.id=?
Hibernate: 
    select
        s1_0.id,
        s1_0.annul_date,
        s1_0.annul_reason,
        s1_0.branch_id,
        s1_0.change_amount,
        s1_0.created_at,
        s1_0.currency,
        s1_0.customer_id,
        s1_0.customer_address,
        s1_0.customer_name,
        s1_0.customer_nuit,
        s1_0.demo_flag,
        s1_0.document_number,
        s1_0.document_type,
        s1_0.document_year,
        s1_0.exchange_rate,
        s1_0.hash_control,
        s1_0.hash_hash,
        s1_0.offline_flag,
        s1_0.origin_sale_id,
        s1_0.paid_amount,
        s1_0.payment_method,
        s1_0.pending_sync,
        s1_0.qr_code,
        s1_0.reprint_count,
        s1_0.series,
        s1_0.signature_hash,
        s1_0.state,
        s1_0.subtotal,
        s1_0.total,
        s1_0.total_discount,
        s1_0.total_ice,
        s1_0.total_tax,
        s1_0.withholding_tax,
        s1_0.withholding_tax_rate 
    from
        sales s1_0
Hibernate: 
    select
        b1_0.id,
        b1_0.address,
        b1_0.contact,
        b1_0.is_head,
        b1_0.license_number,
        b1_0.name,
        b1_0.nuit,
        b1_0.software_cert_number 
    from
        branches b1_0 
    where
        b1_0.id=?
Hibernate: 
    select
        c1_0.id,
        c1_0.address,
        c1_0.balance,
        c1_0.code,
        c1_0.contact,
        c1_0.created_at,
        c1_0.credit_limit,
        c1_0.default_discount,
        c1_0.fidelity_points,
        c1_0.name,
        c1_0.nuit,
        c1_0.type 
    from
        customers c1_0 
    where
        c1_0.id=?
Hibernate: 
    select
        c1_0.id,
        c1_0.address,
        c1_0.balance,
        c1_0.code,
        c1_0.contact,
        c1_0.created_at,
        c1_0.credit_limit,
        c1_0.default_discount,
        c1_0.fidelity_points,
        c1_0.name,
        c1_0.nuit,
        c1_0.type 
    from
        customers c1_0 
    where
        c1_0.id=?
Hibernate: 
    select
        w1_0.id,
        w1_0.address,
        w1_0.code,
        w1_0.contact,
        w1_0.created_at,
        w1_0.is_active,
        w1_0.name,
        w1_0.notes,
        w1_0.nuit 
    from
        warehouses w1_0 
    where
        w1_0.is_active 
    order by
        w1_0.name
Hibernate: 
    select
        b1_0.id,
        b1_0.address,
        b1_0.contact,
        b1_0.is_head,
        b1_0.license_number,
        b1_0.name,
        b1_0.nuit,
        b1_0.software_cert_number 
    from
        branches b1_0
Hibernate: 
    select
        p1_0.id,
        p1_0.bulk_quantity,
        p1_0.category_id,
        p1_0.code,
        p1_0.conversion_factor,
        p1_0.expiry_date,
        p1_0.ice_rate,
        p1_0.is_service,
        p1_0.name,
        p1_0.price_cost,
        p1_0.price_sale,
        p1_0.price_sale_bulk,
        p1_0.profit_margin,
        p1_0.tax_rate,
        p1_0.unit_id,
        p1_0.unit_bulk_id 
    from
        products p1_0
Hibernate: 
    select
        c1_0.id,
        c1_0.name 
    from
        categories c1_0 
    where
        c1_0.id=?
Hibernate: 
    select
        s1_0.id,
        s1_0.branch_id,
        s1_0.product_id,
        s1_0.stock_current,
        s1_0.stock_max,
        s1_0.stock_min 
    from
        stock_branch s1_0
Hibernate: 
    select
        b1_0.id,
        b1_0.address,
        b1_0.contact,
        b1_0.is_head,
        b1_0.license_number,
        b1_0.name,
        b1_0.nuit,
        b1_0.software_cert_number 
    from
        branches b1_0 
    where
        b1_0.id=?
Hibernate: 
    select
        p1_0.id,
        p1_0.bulk_quantity,
        c1_0.id,
        c1_0.name,
        p1_0.code,
        p1_0.conversion_factor,
        p1_0.expiry_date,
        p1_0.ice_rate,
        p1_0.is_service,
        p1_0.name,
        p1_0.price_cost,
        p1_0.price_sale,
        p1_0.price_sale_bulk,
        p1_0.profit_margin,
        p1_0.tax_rate,
        u1_0.id,
        u1_0.abbreviation,
        u1_0.description,
        u2_0.id,
        u2_0.abbreviation,
        u2_0.description 
    from
        products p1_0 
    left join
        categories c1_0 
            on c1_0.id=p1_0.category_id 
    left join
        metric_units u1_0 
            on u1_0.id=p1_0.unit_id 
    left join
        metric_units u2_0 
            on u2_0.id=p1_0.unit_bulk_id 
    where
        p1_0.id=?
Hibernate: 
    select
        p1_0.id,
        p1_0.bulk_quantity,
        c1_0.id,
        c1_0.name,
        p1_0.code,
        p1_0.conversion_factor,
        p1_0.expiry_date,
        p1_0.ice_rate,
        p1_0.is_service,
        p1_0.name,
        p1_0.price_cost,
        p1_0.price_sale,
        p1_0.price_sale_bulk,
        p1_0.profit_margin,
        p1_0.tax_rate,
        u1_0.id,
        u1_0.abbreviation,
        u1_0.description,
        u2_0.id,
        u2_0.abbreviation,
        u2_0.description 
    from
        products p1_0 
    left join
        categories c1_0 
            on c1_0.id=p1_0.category_id 
    left join
        metric_units u1_0 
            on u1_0.id=p1_0.unit_id 
    left join
        metric_units u2_0 
            on u2_0.id=p1_0.unit_bulk_id 
    where
        p1_0.id=?
Hibernate: 
    select
        s1_0.id,
        s1_0.branch_id,
        s1_0.product_id,
        s1_0.stock_current,
        s1_0.stock_max,
        s1_0.stock_min 
    from
        stock_branch s1_0
Hibernate: 
    select
        b1_0.id,
        b1_0.address,
        b1_0.contact,
        b1_0.is_head,
        b1_0.license_number,
        b1_0.name,
        b1_0.nuit,
        b1_0.software_cert_number 
    from
        branches b1_0 
    where
        b1_0.id=?
Hibernate: 
    select
        p1_0.id,
        p1_0.bulk_quantity,
        c1_0.id,
        c1_0.name,
        p1_0.code,
        p1_0.conversion_factor,
        p1_0.expiry_date,
        p1_0.ice_rate,
        p1_0.is_service,
        p1_0.name,
        p1_0.price_cost,
        p1_0.price_sale,
        p1_0.price_sale_bulk,
        p1_0.profit_margin,
        p1_0.tax_rate,
        u1_0.id,
        u1_0.abbreviation,
        u1_0.description,
        u2_0.id,
        u2_0.abbreviation,
        u2_0.description 
    from
        products p1_0 
    left join
        categories c1_0 
            on c1_0.id=p1_0.category_id 
    left join
        metric_units u1_0 
            on u1_0.id=p1_0.unit_id 
    left join
        metric_units u2_0 
            on u2_0.id=p1_0.unit_bulk_id 
    where
        p1_0.id=?
Hibernate: 
    select
        p1_0.id,
        p1_0.bulk_quantity,
        c1_0.id,
        c1_0.name,
        p1_0.code,
        p1_0.conversion_factor,
        p1_0.expiry_date,
        p1_0.ice_rate,
        p1_0.is_service,
        p1_0.name,
        p1_0.price_cost,
        p1_0.price_sale,
        p1_0.price_sale_bulk,
        p1_0.profit_margin,
        p1_0.tax_rate,
        u1_0.id,
        u1_0.abbreviation,
        u1_0.description,
        u2_0.id,
        u2_0.abbreviation,
        u2_0.description 
    from
        products p1_0 
    left join
        categories c1_0 
            on c1_0.id=p1_0.category_id 
    left join
        metric_units u1_0 
            on u1_0.id=p1_0.unit_id 
    left join
        metric_units u2_0 
            on u2_0.id=p1_0.unit_bulk_id 
    where
        p1_0.id=?
Hibernate: 
    select
        c1_0.id 
    from
        cash_sessions c1_0 
    where
        c1_0.user_id=? 
        and c1_0.state=? limit ?
Hibernate: 
    select
        c1_0.id,
        c1_0.branch_id,
        c1_0.closed_at,
        c1_0.initial_value,
        c1_0.notes,
        c1_0.opened_at,
        c1_0.reported_value,
        c1_0.state,
        c1_0.system_value,
        c1_0.user_id 
    from
        cash_sessions c1_0 
    where
        c1_0.user_id=? 
        and c1_0.state=?
Hibernate: 
    select
        p1_0.id,
        p1_0.branch_id,
        p1_0.created_at,
        p1_0.invoice_number,
        p1_0.notes,
        p1_0.purchase_date,
        p1_0.state,
        p1_0.subtotal,
        p1_0.target_warehouse_id,
        p1_0.total,
        p1_0.total_tax,
        p1_0.user_id 
    from
        purchases p1_0
Hibernate: 
    select
        c1_0.id 
    from
        cash_sessions c1_0 
    where
        c1_0.user_id=? 
        and c1_0.state=? limit ?
Hibernate: 
    select
        c1_0.id,
        c1_0.branch_id,
        c1_0.closed_at,
        c1_0.initial_value,
        c1_0.notes,
        c1_0.opened_at,
        c1_0.reported_value,
        c1_0.state,
        c1_0.system_value,
        c1_0.user_id 
    from
        cash_sessions c1_0 
    where
        c1_0.user_id=? 
        and c1_0.state=?
Hibernate: 
    select
        c1_0.id 
    from
        cash_sessions c1_0 
    where
        c1_0.user_id=? 
        and c1_0.state=? limit ?
Hibernate: 
    select
        s1_0.id,
        s1_0.annul_date,
        s1_0.annul_reason,
        s1_0.branch_id,
        s1_0.change_amount,
        s1_0.created_at,
        s1_0.currency,
        s1_0.customer_id,
        s1_0.customer_address,
        s1_0.customer_name,
        s1_0.customer_nuit,
        s1_0.demo_flag,
        s1_0.document_number,
        s1_0.document_type,
        s1_0.document_year,
        s1_0.exchange_rate,
        s1_0.hash_control,
        s1_0.hash_hash,
        s1_0.offline_flag,
        s1_0.origin_sale_id,
        s1_0.paid_amount,
        s1_0.payment_method,
        s1_0.pending_sync,
        s1_0.qr_code,
        s1_0.reprint_count,
        s1_0.series,
        s1_0.signature_hash,
        s1_0.state,
        s1_0.subtotal,
        s1_0.total,
        s1_0.total_discount,
        s1_0.total_ice,
        s1_0.total_tax,
        s1_0.withholding_tax,
        s1_0.withholding_tax_rate 
    from
        sales s1_0
Hibernate: 
    select
        b1_0.id,
        b1_0.address,
        b1_0.contact,
        b1_0.is_head,
        b1_0.license_number,
        b1_0.name,
        b1_0.nuit,
        b1_0.software_cert_number 
    from
        branches b1_0 
    where
        b1_0.id=?
Hibernate: 
    select
        c1_0.id,
        c1_0.address,
        c1_0.balance,
        c1_0.code,
        c1_0.contact,
        c1_0.created_at,
        c1_0.credit_limit,
        c1_0.default_discount,
        c1_0.fidelity_points,
        c1_0.name,
        c1_0.nuit,
        c1_0.type 
    from
        customers c1_0 
    where
        c1_0.id=?
Hibernate: 
    select
        c1_0.id,
        c1_0.address,
        c1_0.balance,
        c1_0.code,
        c1_0.contact,
        c1_0.created_at,
        c1_0.credit_limit,
        c1_0.default_discount,
        c1_0.fidelity_points,
        c1_0.name,
        c1_0.nuit,
        c1_0.type 
    from
        customers c1_0 
    where
        c1_0.id=?
Hibernate: 
    select
        e1_0.id,
        e1_0.amount,
        e1_0.branch_id,
        e1_0.category,
        e1_0.created_at,
        e1_0.description,
        e1_0.due_date,
        e1_0.notes,
        e1_0.paid_at,
        e1_0.state,
        e1_0.user_id 
    from
        expenses e1_0
Hibernate: 
    select
        p1_0.id,
        p1_0.amount,
        p1_0.card_type,
        p1_0.created_at,
        p1_0.method,
        p1_0.sale_id,
        p1_0.terminal_ref 
    from
        payments p1_0
Hibernate: 
    select
        s1_0.id,
        s1_0.annul_date,
        s1_0.annul_reason,
        b1_0.id,
        b1_0.address,
        b1_0.contact,
        b1_0.is_head,
        b1_0.license_number,
        b1_0.name,
        b1_0.nuit,
        b1_0.software_cert_number,
        s1_0.change_amount,
        s1_0.created_at,
        s1_0.currency,
        c1_0.id,
        c1_0.address,
        c1_0.balance,
        c1_0.code,
        c1_0.contact,
        c1_0.created_at,
        c1_0.credit_limit,
        c1_0.default_discount,
        c1_0.fidelity_points,
        c1_0.name,
        c1_0.nuit,
        c1_0.type,
        s1_0.customer_address,
        s1_0.customer_name,
        s1_0.customer_nuit,
        s1_0.demo_flag,
        s1_0.document_number,
        s1_0.document_type,
        s1_0.document_year,
        s1_0.exchange_rate,
        s1_0.hash_control,
        s1_0.hash_hash,
        s1_0.offline_flag,
        o1_0.id,
        o1_0.annul_date,
        o1_0.annul_reason,
        b2_0.id,
        b2_0.address,
        b2_0.contact,
        b2_0.is_head,
        b2_0.license_number,
        b2_0.name,
        b2_0.nuit,
        b2_0.software_cert_number,
        o1_0.change_amount,
        o1_0.created_at,
        o1_0.currency,
        c2_0.id,
        c2_0.address,
        c2_0.balance,
        c2_0.code,
        c2_0.contact,
        c2_0.created_at,
        c2_0.credit_limit,
        c2_0.default_discount,
        c2_0.fidelity_points,
        c2_0.name,
        c2_0.nuit,
        c2_0.type,
        o1_0.customer_address,
        o1_0.customer_name,
        o1_0.customer_nuit,
        o1_0.demo_flag,
        o1_0.document_number,
        o1_0.document_type,
        o1_0.document_year,
        o1_0.exchange_rate,
        o1_0.hash_control,
        o1_0.hash_hash,
        o1_0.offline_flag,
        o1_0.origin_sale_id,
        o1_0.paid_amount,
        o1_0.payment_method,
        o1_0.pending_sync,
        o1_0.qr_code,
        o1_0.reprint_count,
        o1_0.series,
        o1_0.signature_hash,
        o1_0.state,
        o1_0.subtotal,
        o1_0.total,
        o1_0.total_discount,
        o1_0.total_ice,
        o1_0.total_tax,
        o1_0.withholding_tax,
        o1_0.withholding_tax_rate,
        s1_0.paid_amount,
        s1_0.payment_method,
        s1_0.pending_sync,
        s1_0.qr_code,
        s1_0.reprint_count,
        s1_0.series,
        s1_0.signature_hash,
        s1_0.state,
        s1_0.subtotal,
        s1_0.total,
        s1_0.total_discount,
        s1_0.total_ice,
        s1_0.total_tax,
        s1_0.withholding_tax,
        s1_0.withholding_tax_rate 
    from
        sales s1_0 
    left join
        branches b1_0 
            on b1_0.id=s1_0.branch_id 
    left join
        customers c1_0 
            on c1_0.id=s1_0.customer_id 
    left join
        sales o1_0 
            on o1_0.id=s1_0.origin_sale_id 
    left join
        branches b2_0 
            on b2_0.id=o1_0.branch_id 
    left join
        customers c2_0 
            on c2_0.id=o1_0.customer_id 
    where
        s1_0.id=?
Hibernate: 
    select
        s1_0.id,
        s1_0.annul_date,
        s1_0.annul_reason,
        b1_0.id,
        b1_0.address,
        b1_0.contact,
        b1_0.is_head,
        b1_0.license_number,
        b1_0.name,
        b1_0.nuit,
        b1_0.software_cert_number,
        s1_0.change_amount,
        s1_0.created_at,
        s1_0.currency,
        c1_0.id,
        c1_0.address,
        c1_0.balance,
        c1_0.code,
        c1_0.contact,
        c1_0.created_at,
        c1_0.credit_limit,
        c1_0.default_discount,
        c1_0.fidelity_points,
        c1_0.name,
        c1_0.nuit,
        c1_0.type,
        s1_0.customer_address,
        s1_0.customer_name,
        s1_0.customer_nuit,
        s1_0.demo_flag,
        s1_0.document_number,
        s1_0.document_type,
        s1_0.document_year,
        s1_0.exchange_rate,
        s1_0.hash_control,
        s1_0.hash_hash,
        s1_0.offline_flag,
        o1_0.id,
        o1_0.annul_date,
        o1_0.annul_reason,
        b2_0.id,
        b2_0.address,
        b2_0.contact,
        b2_0.is_head,
        b2_0.license_number,
        b2_0.name,
        b2_0.nuit,
        b2_0.software_cert_number,
        o1_0.change_amount,
        o1_0.created_at,
        o1_0.currency,
        c2_0.id,
        c2_0.address,
        c2_0.balance,
        c2_0.code,
        c2_0.contact,
        c2_0.created_at,
        c2_0.credit_limit,
        c2_0.default_discount,
        c2_0.fidelity_points,
        c2_0.name,
        c2_0.nuit,
        c2_0.type,
        o1_0.customer_address,
        o1_0.customer_name,
        o1_0.customer_nuit,
        o1_0.demo_flag,
        o1_0.document_number,
        o1_0.document_type,
        o1_0.document_year,
        o1_0.exchange_rate,
        o1_0.hash_control,
        o1_0.hash_hash,
        o1_0.offline_flag,
        o1_0.origin_sale_id,
        o1_0.paid_amount,
        o1_0.payment_method,
        o1_0.pending_sync,
        o1_0.qr_code,
        o1_0.reprint_count,
        o1_0.series,
        o1_0.signature_hash,
        o1_0.state,
        o1_0.subtotal,
        o1_0.total,
        o1_0.total_discount,
        o1_0.total_ice,
        o1_0.total_tax,
        o1_0.withholding_tax,
        o1_0.withholding_tax_rate,
        s1_0.paid_amount,
        s1_0.payment_method,
        s1_0.pending_sync,
        s1_0.qr_code,
        s1_0.reprint_count,
        s1_0.series,
        s1_0.signature_hash,
        s1_0.state,
        s1_0.subtotal,
        s1_0.total,
        s1_0.total_discount,
        s1_0.total_ice,
        s1_0.total_tax,
        s1_0.withholding_tax,
        s1_0.withholding_tax_rate 
    from
        sales s1_0 
    left join
        branches b1_0 
            on b1_0.id=s1_0.branch_id 
    left join
        customers c1_0 
            on c1_0.id=s1_0.customer_id 
    left join
        sales o1_0 
            on o1_0.id=s1_0.origin_sale_id 
    left join
        branches b2_0 
            on b2_0.id=o1_0.branch_id 
    left join
        customers c2_0 
            on c2_0.id=o1_0.customer_id 
    where
        s1_0.id=?
Hibernate: 
    select
        s1_0.id,
        s1_0.annul_date,
        s1_0.annul_reason,
        b1_0.id,
        b1_0.address,
        b1_0.contact,
        b1_0.is_head,
        b1_0.license_number,
        b1_0.name,
        b1_0.nuit,
        b1_0.software_cert_number,
        s1_0.change_amount,
        s1_0.created_at,
        s1_0.currency,
        c1_0.id,
        c1_0.address,
        c1_0.balance,
        c1_0.code,
        c1_0.contact,
        c1_0.created_at,
        c1_0.credit_limit,
        c1_0.default_discount,
        c1_0.fidelity_points,
        c1_0.name,
        c1_0.nuit,
        c1_0.type,
        s1_0.customer_address,
        s1_0.customer_name,
        s1_0.customer_nuit,
        s1_0.demo_flag,
        s1_0.document_number,
        s1_0.document_type,
        s1_0.document_year,
        s1_0.exchange_rate,
        s1_0.hash_control,
        s1_0.hash_hash,
        s1_0.offline_flag,
        o1_0.id,
        o1_0.annul_date,
        o1_0.annul_reason,
        b2_0.id,
        b2_0.address,
        b2_0.contact,
        b2_0.is_head,
        b2_0.license_number,
        b2_0.name,
        b2_0.nuit,
        b2_0.software_cert_number,
        o1_0.change_amount,
        o1_0.created_at,
        o1_0.currency,
        c2_0.id,
        c2_0.address,
        c2_0.balance,
        c2_0.code,
        c2_0.contact,
        c2_0.created_at,
        c2_0.credit_limit,
        c2_0.default_discount,
        c2_0.fidelity_points,
        c2_0.name,
        c2_0.nuit,
        c2_0.type,
        o1_0.customer_address,
        o1_0.customer_name,
        o1_0.customer_nuit,
        o1_0.demo_flag,
        o1_0.document_number,
        o1_0.document_type,
        o1_0.document_year,
        o1_0.exchange_rate,
        o1_0.hash_control,
        o1_0.hash_hash,
        o1_0.offline_flag,
        o1_0.origin_sale_id,
        o1_0.paid_amount,
        o1_0.payment_method,
        o1_0.pending_sync,
        o1_0.qr_code,
        o1_0.reprint_count,
        o1_0.series,
        o1_0.signature_hash,
        o1_0.state,
        o1_0.subtotal,
        o1_0.total,
        o1_0.total_discount,
        o1_0.total_ice,
        o1_0.total_tax,
        o1_0.withholding_tax,
        o1_0.withholding_tax_rate,
        s1_0.paid_amount,
        s1_0.payment_method,
        s1_0.pending_sync,
        s1_0.qr_code,
        s1_0.reprint_count,
        s1_0.series,
        s1_0.signature_hash,
        s1_0.state,
        s1_0.subtotal,
        s1_0.total,
        s1_0.total_discount,
        s1_0.total_ice,
        s1_0.total_tax,
        s1_0.withholding_tax,
        s1_0.withholding_tax_rate 
    from
        sales s1_0 
    left join
        branches b1_0 
            on b1_0.id=s1_0.branch_id 
    left join
        customers c1_0 
            on c1_0.id=s1_0.customer_id 
    left join
        sales o1_0 
            on o1_0.id=s1_0.origin_sale_id 
    left join
        branches b2_0 
            on b2_0.id=o1_0.branch_id 
    left join
        customers c2_0 
            on c2_0.id=o1_0.customer_id 
    where
        s1_0.id=?
Hibernate: 
    select
        s1_0.id,
        s1_0.annul_date,
        s1_0.annul_reason,
        b1_0.id,
        b1_0.address,
        b1_0.contact,
        b1_0.is_head,
        b1_0.license_number,
        b1_0.name,
        b1_0.nuit,
        b1_0.software_cert_number,
        s1_0.change_amount,
        s1_0.created_at,
        s1_0.currency,
        c1_0.id,
        c1_0.address,
        c1_0.balance,
        c1_0.code,
        c1_0.contact,
        c1_0.created_at,
        c1_0.credit_limit,
        c1_0.default_discount,
        c1_0.fidelity_points,
        c1_0.name,
        c1_0.nuit,
        c1_0.type,
        s1_0.customer_address,
        s1_0.customer_name,
        s1_0.customer_nuit,
        s1_0.demo_flag,
        s1_0.document_number,
        s1_0.document_type,
        s1_0.document_year,
        s1_0.exchange_rate,
        s1_0.hash_control,
        s1_0.hash_hash,
        s1_0.offline_flag,
        o1_0.id,
        o1_0.annul_date,
        o1_0.annul_reason,
        b2_0.id,
        b2_0.address,
        b2_0.contact,
        b2_0.is_head,
        b2_0.license_number,
        b2_0.name,
        b2_0.nuit,
        b2_0.software_cert_number,
        o1_0.change_amount,
        o1_0.created_at,
        o1_0.currency,
        c2_0.id,
        c2_0.address,
        c2_0.balance,
        c2_0.code,
        c2_0.contact,
        c2_0.created_at,
        c2_0.credit_limit,
        c2_0.default_discount,
        c2_0.fidelity_points,
        c2_0.name,
        c2_0.nuit,
        c2_0.type,
        o1_0.customer_address,
        o1_0.customer_name,
        o1_0.customer_nuit,
        o1_0.demo_flag,
        o1_0.document_number,
        o1_0.document_type,
        o1_0.document_year,
        o1_0.exchange_rate,
        o1_0.hash_control,
        o1_0.hash_hash,
        o1_0.offline_flag,
        o1_0.origin_sale_id,
        o1_0.paid_amount,
        o1_0.payment_method,
        o1_0.pending_sync,
        o1_0.qr_code,
        o1_0.reprint_count,
        o1_0.series,
        o1_0.signature_hash,
        o1_0.state,
        o1_0.subtotal,
        o1_0.total,
        o1_0.total_discount,
        o1_0.total_ice,
        o1_0.total_tax,
        o1_0.withholding_tax,
        o1_0.withholding_tax_rate,
        s1_0.paid_amount,
        s1_0.payment_method,
        s1_0.pending_sync,
        s1_0.qr_code,
        s1_0.reprint_count,
        s1_0.series,
        s1_0.signature_hash,
        s1_0.state,
        s1_0.subtotal,
        s1_0.total,
        s1_0.total_discount,
        s1_0.total_ice,
        s1_0.total_tax,
        s1_0.withholding_tax,
        s1_0.withholding_tax_rate 
    from
        sales s1_0 
    left join
        branches b1_0 
            on b1_0.id=s1_0.branch_id 
    left join
        customers c1_0 
            on c1_0.id=s1_0.customer_id 
    left join
        sales o1_0 
            on o1_0.id=s1_0.origin_sale_id 
    left join
        branches b2_0 
            on b2_0.id=o1_0.branch_id 
    left join
        customers c2_0 
            on c2_0.id=o1_0.customer_id 
    where
        s1_0.id=?
Hibernate: 
    select
        s1_0.id,
        s1_0.annul_date,
        s1_0.annul_reason,
        s1_0.branch_id,
        s1_0.change_amount,
        s1_0.created_at,
        s1_0.currency,
        s1_0.customer_id,
        s1_0.customer_address,
        s1_0.customer_name,
        s1_0.customer_nuit,
        s1_0.demo_flag,
        s1_0.document_number,
        s1_0.document_type,
        s1_0.document_year,
        s1_0.exchange_rate,
        s1_0.hash_control,
        s1_0.hash_hash,
        s1_0.offline_flag,
        s1_0.origin_sale_id,
        s1_0.paid_amount,
        s1_0.payment_method,
        s1_0.pending_sync,
        s1_0.qr_code,
        s1_0.reprint_count,
        s1_0.series,
        s1_0.signature_hash,
        s1_0.state,
        s1_0.subtotal,
        s1_0.total,
        s1_0.total_discount,
        s1_0.total_ice,
        s1_0.total_tax,
        s1_0.withholding_tax,
        s1_0.withholding_tax_rate 
    from
        sales s1_0
Hibernate: 
    select
        b1_0.id,
        b1_0.address,
        b1_0.contact,
        b1_0.is_head,
        b1_0.license_number,
        b1_0.name,
        b1_0.nuit,
        b1_0.software_cert_number 
    from
        branches b1_0 
    where
        b1_0.id=?
Hibernate: 
    select
        c1_0.id,
        c1_0.address,
        c1_0.balance,
        c1_0.code,
        c1_0.contact,
        c1_0.created_at,
        c1_0.credit_limit,
        c1_0.default_discount,
        c1_0.fidelity_points,
        c1_0.name,
        c1_0.nuit,
        c1_0.type 
    from
        customers c1_0 
    where
        c1_0.id=?
Hibernate: 
    select
        c1_0.id,
        c1_0.address,
        c1_0.balance,
        c1_0.code,
        c1_0.contact,
        c1_0.created_at,
        c1_0.credit_limit,
        c1_0.default_discount,
        c1_0.fidelity_points,
        c1_0.name,
        c1_0.nuit,
        c1_0.type 
    from
        customers c1_0 
    where
        c1_0.id=?
Hibernate: 
    select
        s1_0.id,
        s1_0.annul_date,
        s1_0.annul_reason,
        s1_0.branch_id,
        s1_0.change_amount,
        s1_0.created_at,
        s1_0.currency,
        s1_0.customer_id,
        s1_0.customer_address,
        s1_0.customer_name,
        s1_0.customer_nuit,
        s1_0.demo_flag,
        s1_0.document_number,
        s1_0.document_type,
        s1_0.document_year,
        s1_0.exchange_rate,
        s1_0.hash_control,
        s1_0.hash_hash,
        s1_0.offline_flag,
        s1_0.origin_sale_id,
        s1_0.paid_amount,
        s1_0.payment_method,
        s1_0.pending_sync,
        s1_0.qr_code,
        s1_0.reprint_count,
        s1_0.series,
        s1_0.signature_hash,
        s1_0.state,
        s1_0.subtotal,
        s1_0.total,
        s1_0.total_discount,
        s1_0.total_ice,
        s1_0.total_tax,
        s1_0.withholding_tax,
        s1_0.withholding_tax_rate 
    from
        sales s1_0
Hibernate: 
    select
        b1_0.id,
        b1_0.address,
        b1_0.contact,
        b1_0.is_head,
        b1_0.license_number,
        b1_0.name,
        b1_0.nuit,
        b1_0.software_cert_number 
    from
        branches b1_0 
    where
        b1_0.id=?
Hibernate: 
    select
        c1_0.id,
        c1_0.address,
        c1_0.balance,
        c1_0.code,
        c1_0.contact,
        c1_0.created_at,
        c1_0.credit_limit,
        c1_0.default_discount,
        c1_0.fidelity_points,
        c1_0.name,
        c1_0.nuit,
        c1_0.type 
    from
        customers c1_0 
    where
        c1_0.id=?
Hibernate: 
    select
        c1_0.id,
        c1_0.address,
        c1_0.balance,
        c1_0.code,
        c1_0.contact,
        c1_0.created_at,
        c1_0.credit_limit,
        c1_0.default_discount,
        c1_0.fidelity_points,
        c1_0.name,
        c1_0.nuit,
        c1_0.type 
    from
        customers c1_0 
    where
        c1_0.id=?
Hibernate: 
    select
        e1_0.id,
        e1_0.amount,
        e1_0.branch_id,
        e1_0.category,
        e1_0.created_at,
        e1_0.description,
        e1_0.due_date,
        e1_0.notes,
        e1_0.paid_at,
        e1_0.state,
        e1_0.user_id 
    from
        expenses e1_0
Hibernate: 
    select
        p1_0.id,
        p1_0.amount,
        p1_0.card_type,
        p1_0.created_at,
        p1_0.method,
        p1_0.sale_id,
        p1_0.terminal_ref 
    from
        payments p1_0
Hibernate: 
    select
        s1_0.id,
        s1_0.annul_date,
        s1_0.annul_reason,
        b1_0.id,
        b1_0.address,
        b1_0.contact,
        b1_0.is_head,
        b1_0.license_number,
        b1_0.name,
        b1_0.nuit,
        b1_0.software_cert_number,
        s1_0.change_amount,
        s1_0.created_at,
        s1_0.currency,
        c1_0.id,
        c1_0.address,
        c1_0.balance,
        c1_0.code,
        c1_0.contact,
        c1_0.created_at,
        c1_0.credit_limit,
        c1_0.default_discount,
        c1_0.fidelity_points,
        c1_0.name,
        c1_0.nuit,
        c1_0.type,
        s1_0.customer_address,
        s1_0.customer_name,
        s1_0.customer_nuit,
        s1_0.demo_flag,
        s1_0.document_number,
        s1_0.document_type,
        s1_0.document_year,
        s1_0.exchange_rate,
        s1_0.hash_control,
        s1_0.hash_hash,
        s1_0.offline_flag,
        o1_0.id,
        o1_0.annul_date,
        o1_0.annul_reason,
        b2_0.id,
        b2_0.address,
        b2_0.contact,
        b2_0.is_head,
        b2_0.license_number,
        b2_0.name,
        b2_0.nuit,
        b2_0.software_cert_number,
        o1_0.change_amount,
        o1_0.created_at,
        o1_0.currency,
        c2_0.id,
        c2_0.address,
        c2_0.balance,
        c2_0.code,
        c2_0.contact,
        c2_0.created_at,
        c2_0.credit_limit,
        c2_0.default_discount,
        c2_0.fidelity_points,
        c2_0.name,
        c2_0.nuit,
        c2_0.type,
        o1_0.customer_address,
        o1_0.customer_name,
        o1_0.customer_nuit,
        o1_0.demo_flag,
        o1_0.document_number,
        o1_0.document_type,
        o1_0.document_year,
        o1_0.exchange_rate,
        o1_0.hash_control,
        o1_0.hash_hash,
        o1_0.offline_flag,
        o1_0.origin_sale_id,
        o1_0.paid_amount,
        o1_0.payment_method,
        o1_0.pending_sync,
        o1_0.qr_code,
        o1_0.reprint_count,
        o1_0.series,
        o1_0.signature_hash,
        o1_0.state,
        o1_0.subtotal,
        o1_0.total,
        o1_0.total_discount,
        o1_0.total_ice,
        o1_0.total_tax,
        o1_0.withholding_tax,
        o1_0.withholding_tax_rate,
        s1_0.paid_amount,
        s1_0.payment_method,
        s1_0.pending_sync,
        s1_0.qr_code,
        s1_0.reprint_count,
        s1_0.series,
        s1_0.signature_hash,
        s1_0.state,
        s1_0.subtotal,
        s1_0.total,
        s1_0.total_discount,
        s1_0.total_ice,
        s1_0.total_tax,
        s1_0.withholding_tax,
        s1_0.withholding_tax_rate 
    from
        sales s1_0 
    left join
        branches b1_0 
            on b1_0.id=s1_0.branch_id 
    left join
        customers c1_0 
            on c1_0.id=s1_0.customer_id 
    left join
        sales o1_0 
            on o1_0.id=s1_0.origin_sale_id 
    left join
        branches b2_0 
            on b2_0.id=o1_0.branch_id 
    left join
        customers c2_0 
            on c2_0.id=o1_0.customer_id 
    where
        s1_0.id=?
Hibernate: 
    select
        s1_0.id,
        s1_0.annul_date,
        s1_0.annul_reason,
        b1_0.id,
        b1_0.address,
        b1_0.contact,
        b1_0.is_head,
        b1_0.license_number,
        b1_0.name,
        b1_0.nuit,
        b1_0.software_cert_number,
        s1_0.change_amount,
        s1_0.created_at,
        s1_0.currency,
        c1_0.id,
        c1_0.address,
        c1_0.balance,
        c1_0.code,
        c1_0.contact,
        c1_0.created_at,
        c1_0.credit_limit,
        c1_0.default_discount,
        c1_0.fidelity_points,
        c1_0.name,
        c1_0.nuit,
        c1_0.type,
        s1_0.customer_address,
        s1_0.customer_name,
        s1_0.customer_nuit,
        s1_0.demo_flag,
        s1_0.document_number,
        s1_0.document_type,
        s1_0.document_year,
        s1_0.exchange_rate,
        s1_0.hash_control,
        s1_0.hash_hash,
        s1_0.offline_flag,
        o1_0.id,
        o1_0.annul_date,
        o1_0.annul_reason,
        b2_0.id,
        b2_0.address,
        b2_0.contact,
        b2_0.is_head,
        b2_0.license_number,
        b2_0.name,
        b2_0.nuit,
        b2_0.software_cert_number,
        o1_0.change_amount,
        o1_0.created_at,
        o1_0.currency,
        c2_0.id,
        c2_0.address,
        c2_0.balance,
        c2_0.code,
        c2_0.contact,
        c2_0.created_at,
        c2_0.credit_limit,
        c2_0.default_discount,
        c2_0.fidelity_points,
        c2_0.name,
        c2_0.nuit,
        c2_0.type,
        o1_0.customer_address,
        o1_0.customer_name,
        o1_0.customer_nuit,
        o1_0.demo_flag,
        o1_0.document_number,
        o1_0.document_type,
        o1_0.document_year,
        o1_0.exchange_rate,
        o1_0.hash_control,
        o1_0.hash_hash,
        o1_0.offline_flag,
        o1_0.origin_sale_id,
        o1_0.paid_amount,
        o1_0.payment_method,
        o1_0.pending_sync,
        o1_0.qr_code,
        o1_0.reprint_count,
        o1_0.series,
        o1_0.signature_hash,
        o1_0.state,
        o1_0.subtotal,
        o1_0.total,
        o1_0.total_discount,
        o1_0.total_ice,
        o1_0.total_tax,
        o1_0.withholding_tax,
        o1_0.withholding_tax_rate,
        s1_0.paid_amount,
        s1_0.payment_method,
        s1_0.pending_sync,
        s1_0.qr_code,
        s1_0.reprint_count,
        s1_0.series,
        s1_0.signature_hash,
        s1_0.state,
        s1_0.subtotal,
        s1_0.total,
        s1_0.total_discount,
        s1_0.total_ice,
        s1_0.total_tax,
        s1_0.withholding_tax,
        s1_0.withholding_tax_rate 
    from
        sales s1_0 
    left join
        branches b1_0 
            on b1_0.id=s1_0.branch_id 
    left join
        customers c1_0 
            on c1_0.id=s1_0.customer_id 
    left join
        sales o1_0 
            on o1_0.id=s1_0.origin_sale_id 
    left join
        branches b2_0 
            on b2_0.id=o1_0.branch_id 
    left join
        customers c2_0 
            on c2_0.id=o1_0.customer_id 
    where
        s1_0.id=?
Hibernate: 
    select
        s1_0.id,
        s1_0.annul_date,
        s1_0.annul_reason,
        b1_0.id,
        b1_0.address,
        b1_0.contact,
        b1_0.is_head,
        b1_0.license_number,
        b1_0.name,
        b1_0.nuit,
        b1_0.software_cert_number,
        s1_0.change_amount,
        s1_0.created_at,
        s1_0.currency,
        c1_0.id,
        c1_0.address,
        c1_0.balance,
        c1_0.code,
        c1_0.contact,
        c1_0.created_at,
        c1_0.credit_limit,
        c1_0.default_discount,
        c1_0.fidelity_points,
        c1_0.name,
        c1_0.nuit,
        c1_0.type,
        s1_0.customer_address,
        s1_0.customer_name,
        s1_0.customer_nuit,
        s1_0.demo_flag,
        s1_0.document_number,
        s1_0.document_type,
        s1_0.document_year,
        s1_0.exchange_rate,
        s1_0.hash_control,
        s1_0.hash_hash,
        s1_0.offline_flag,
        o1_0.id,
        o1_0.annul_date,
        o1_0.annul_reason,
        b2_0.id,
        b2_0.address,
        b2_0.contact,
        b2_0.is_head,
        b2_0.license_number,
        b2_0.name,
        b2_0.nuit,
        b2_0.software_cert_number,
        o1_0.change_amount,
        o1_0.created_at,
        o1_0.currency,
        c2_0.id,
        c2_0.address,
        c2_0.balance,
        c2_0.code,
        c2_0.contact,
        c2_0.created_at,
        c2_0.credit_limit,
        c2_0.default_discount,
        c2_0.fidelity_points,
        c2_0.name,
        c2_0.nuit,
        c2_0.type,
        o1_0.customer_address,
        o1_0.customer_name,
        o1_0.customer_nuit,
        o1_0.demo_flag,
        o1_0.document_number,
        o1_0.document_type,
        o1_0.document_year,
        o1_0.exchange_rate,
        o1_0.hash_control,
        o1_0.hash_hash,
        o1_0.offline_flag,
        o1_0.origin_sale_id,
        o1_0.paid_amount,
        o1_0.payment_method,
        o1_0.pending_sync,
        o1_0.qr_code,
        o1_0.reprint_count,
        o1_0.series,
        o1_0.signature_hash,
        o1_0.state,
        o1_0.subtotal,
        o1_0.total,
        o1_0.total_discount,
        o1_0.total_ice,
        o1_0.total_tax,
        o1_0.withholding_tax,
        o1_0.withholding_tax_rate,
        s1_0.paid_amount,
        s1_0.payment_method,
        s1_0.pending_sync,
        s1_0.qr_code,
        s1_0.reprint_count,
        s1_0.series,
        s1_0.signature_hash,
        s1_0.state,
        s1_0.subtotal,
        s1_0.total,
        s1_0.total_discount,
        s1_0.total_ice,
        s1_0.total_tax,
        s1_0.withholding_tax,
        s1_0.withholding_tax_rate 
    from
        sales s1_0 
    left join
        branches b1_0 
            on b1_0.id=s1_0.branch_id 
    left join
        customers c1_0 
            on c1_0.id=s1_0.customer_id 
    left join
        sales o1_0 
            on o1_0.id=s1_0.origin_sale_id 
    left join
        branches b2_0 
            on b2_0.id=o1_0.branch_id 
    left join
        customers c2_0 
            on c2_0.id=o1_0.customer_id 
    where
        s1_0.id=?
Hibernate: 
    select
        s1_0.id,
        s1_0.annul_date,
        s1_0.annul_reason,
        b1_0.id,
        b1_0.address,
        b1_0.contact,
        b1_0.is_head,
        b1_0.license_number,
        b1_0.name,
        b1_0.nuit,
        b1_0.software_cert_number,
        s1_0.change_amount,
        s1_0.created_at,
        s1_0.currency,
        c1_0.id,
        c1_0.address,
        c1_0.balance,
        c1_0.code,
        c1_0.contact,
        c1_0.created_at,
        c1_0.credit_limit,
        c1_0.default_discount,
        c1_0.fidelity_points,
        c1_0.name,
        c1_0.nuit,
        c1_0.type,
        s1_0.customer_address,
        s1_0.customer_name,
        s1_0.customer_nuit,
        s1_0.demo_flag,
        s1_0.document_number,
        s1_0.document_type,
        s1_0.document_year,
        s1_0.exchange_rate,
        s1_0.hash_control,
        s1_0.hash_hash,
        s1_0.offline_flag,
        o1_0.id,
        o1_0.annul_date,
        o1_0.annul_reason,
        b2_0.id,
        b2_0.address,
        b2_0.contact,
        b2_0.is_head,
        b2_0.license_number,
        b2_0.name,
        b2_0.nuit,
        b2_0.software_cert_number,
        o1_0.change_amount,
        o1_0.created_at,
        o1_0.currency,
        c2_0.id,
        c2_0.address,
        c2_0.balance,
        c2_0.code,
        c2_0.contact,
        c2_0.created_at,
        c2_0.credit_limit,
        c2_0.default_discount,
        c2_0.fidelity_points,
        c2_0.name,
        c2_0.nuit,
        c2_0.type,
        o1_0.customer_address,
        o1_0.customer_name,
        o1_0.customer_nuit,
        o1_0.demo_flag,
        o1_0.document_number,
        o1_0.document_type,
        o1_0.document_year,
        o1_0.exchange_rate,
        o1_0.hash_control,
        o1_0.hash_hash,
        o1_0.offline_flag,
        o1_0.origin_sale_id,
        o1_0.paid_amount,
        o1_0.payment_method,
        o1_0.pending_sync,
        o1_0.qr_code,
        o1_0.reprint_count,
        o1_0.series,
        o1_0.signature_hash,
        o1_0.state,
        o1_0.subtotal,
        o1_0.total,
        o1_0.total_discount,
        o1_0.total_ice,
        o1_0.total_tax,
        o1_0.withholding_tax,
        o1_0.withholding_tax_rate,
        s1_0.paid_amount,
        s1_0.payment_method,
        s1_0.pending_sync,
        s1_0.qr_code,
        s1_0.reprint_count,
        s1_0.series,
        s1_0.signature_hash,
        s1_0.state,
        s1_0.subtotal,
        s1_0.total,
        s1_0.total_discount,
        s1_0.total_ice,
        s1_0.total_tax,
        s1_0.withholding_tax,
        s1_0.withholding_tax_rate 
    from
        sales s1_0 
    left join
        branches b1_0 
            on b1_0.id=s1_0.branch_id 
    left join
        customers c1_0 
            on c1_0.id=s1_0.customer_id 
    left join
        sales o1_0 
            on o1_0.id=s1_0.origin_sale_id 
    left join
        branches b2_0 
            on b2_0.id=o1_0.branch_id 
    left join
        customers c2_0 
            on c2_0.id=o1_0.customer_id 
    where
        s1_0.id=?
Hibernate: 
    select
        s1_0.id,
        s1_0.annul_date,
        s1_0.annul_reason,
        s1_0.branch_id,
        s1_0.change_amount,
        s1_0.created_at,
        s1_0.currency,
        s1_0.customer_id,
        s1_0.customer_address,
        s1_0.customer_name,
        s1_0.customer_nuit,
        s1_0.demo_flag,
        s1_0.document_number,
        s1_0.document_type,
        s1_0.document_year,
        s1_0.exchange_rate,
        s1_0.hash_control,
        s1_0.hash_hash,
        s1_0.offline_flag,
        s1_0.origin_sale_id,
        s1_0.paid_amount,
        s1_0.payment_method,
        s1_0.pending_sync,
        s1_0.qr_code,
        s1_0.reprint_count,
        s1_0.series,
        s1_0.signature_hash,
        s1_0.state,
        s1_0.subtotal,
        s1_0.total,
        s1_0.total_discount,
        s1_0.total_ice,
        s1_0.total_tax,
        s1_0.withholding_tax,
        s1_0.withholding_tax_rate 
    from
        sales s1_0
Hibernate: 
    select
        b1_0.id,
        b1_0.address,
        b1_0.contact,
        b1_0.is_head,
        b1_0.license_number,
        b1_0.name,
        b1_0.nuit,
        b1_0.software_cert_number 
    from
        branches b1_0 
    where
        b1_0.id=?
Hibernate: 
    select
        c1_0.id,
        c1_0.address,
        c1_0.balance,
        c1_0.code,
        c1_0.contact,
        c1_0.created_at,
        c1_0.credit_limit,
        c1_0.default_discount,
        c1_0.fidelity_points,
        c1_0.name,
        c1_0.nuit,
        c1_0.type 
    from
        customers c1_0 
    where
        c1_0.id=?
Hibernate: 
    select
        c1_0.id,
        c1_0.address,
        c1_0.balance,
        c1_0.code,
        c1_0.contact,
        c1_0.created_at,
        c1_0.credit_limit,
        c1_0.default_discount,
        c1_0.fidelity_points,
        c1_0.name,
        c1_0.nuit,
        c1_0.type 
    from
        customers c1_0 
    where
        c1_0.id=?
Hibernate: 
    insert 
    into
        warehouses
        (address,code,contact,created_at,is_active,name,notes,nuit) 
    values
        (?,?,?,?,?,?,?,?)
2026-07-13T09:40:08.517+02:00  WARN 15492 --- [lication Thread] o.m.jdbc.message.server.ErrorPacket      : Error: 1062-23000: Duplicate entry 'ARM-01' for key 'code'
2026-07-13T09:40:08.518+02:00  WARN 15492 --- [lication Thread] o.h.engine.jdbc.spi.SqlExceptionHelper   : SQL Error: 1062, SQLState: 23000
2026-07-13T09:40:08.518+02:00 ERROR 15492 --- [lication Thread] o.h.engine.jdbc.spi.SqlExceptionHelper   : (conn=1933) Duplicate entry 'ARM-01' for key 'code'
2026-07-13T10:24:31.164+02:00  INFO 15492 --- [lication Thread] o.apache.catalina.core.StandardService   : Stopping service [Tomcat]
2026-07-13T10:24:31.267+02:00  WARN 15492 --- [lication Thread] o.a.c.loader.WebappClassLoaderBase       : The web application [ROOT] appears to have started a thread named [HikariPool-1 housekeeper] but has failed to stop it. This is very likely to create a memory leak. Stack trace of thread:
 java.base/jdk.internal.misc.Unsafe.park(Native Method)
 java.base/java.util.concurrent.locks.LockSupport.parkNanos(LockSupport.java:269)
 java.base/java.util.concurrent.locks.AbstractQueuedSynchronizer$ConditionObject.awaitNanos(AbstractQueuedSynchronizer.java:1763)
 java.base/java.util.concurrent.ScheduledThreadPoolExecutor$DelayedWorkQueue.take(ScheduledThreadPoolExecutor.java:1182)
 java.base/java.util.concurrent.ScheduledThreadPoolExecutor$DelayedWorkQueue.take(ScheduledThreadPoolExecutor.java:899)
 java.base/java.util.concurrent.ThreadPoolExecutor.getTask(ThreadPoolExecutor.java:1070)
 java.base/java.util.concurrent.ThreadPoolExecutor.runWorker(ThreadPoolExecutor.java:1130)
 java.base/java.util.concurrent.ThreadPoolExecutor$Worker.run(ThreadPoolExecutor.java:642)
 java.base/java.lang.Thread.run(Thread.java:1583)
2026-07-13T10:24:31.407+02:00  INFO 15492 --- [lication Thread] j.LocalContainerEntityManagerFactoryBean : Closing JPA EntityManagerFactory for persistence unit 'default'
2026-07-13T10:24:31.454+02:00  INFO 15492 --- [lication Thread] com.zaxxer.hikari.HikariDataSource       : HikariPool-1 - Shutdown initiated...
2026-07-13T10:24:31.489+02:00  INFO 15492 --- [lication Thread] com.zaxxer.hikari.HikariDataSource       : HikariPool-1 - Shutdown completed.
[INFO] ------------------------------------------------------------------------
[INFO] BUILD SUCCESS
[INFO] ------------------------------------------------------------------------
[INFO] Total time:  48:25 min
[INFO] Finished at: 2026-07-13T10:24:32+02:00
[INFO] ------------------------------------------------------------------------
